HI-TECH Software C Compiler 

Linker command line:

--edf=C:\Program Files\HI-TECH Software\PICC\9.81\dat\en_msgs.txt -cs \
  -h+interrupt.sym -z -Q16F887 -ol.obj -Minterrupt.map -E1 \
  -ACONST=00h-0FFhx32 -ACODE=00h-07FFhx4 -ASTRCODE=00h-01FFFh \
  -AENTRY=00h-0FFhx32 -ASTRING=00h-0FFhx32 -ABANK0=020h-06Fh \
  -ABANK1=0A0h-0EFh -ABANK2=0110h-016Fh -ABANK3=0190h-01EFh \
  -ARAM=020h-06Fh,0A0h-0EFh,0110h-016Fh,0190h-01EFh \
  -AABS1=020h-07Fh,0A0h-0EFh,0110h-016Fh,0190h-01EFh -ACOMMON=070h-07Fh \
  -ASFR0=00h-01Fh -ASFR1=080h-09Fh -ASFR2=0100h-010Fh -ASFR3=0180h-018Fh \
  -preset_vec=00h,intentry=04h,init,end_init -ppowerup=CODE -pfunctab=CODE \
  -ACONFIG=02007h-02008h -pconfig=CONFIG -DCONFIG=2 -AIDLOC=02000h-02003h \
  -pidloc=IDLOC -DIDLOC=2 -AEEDATA=00h-0FFh/02100h -peeprom_data=EEDATA \
  -DEEDATA=2 -DCODE=2 -DSTRCODE=2 -DSTRING=2 -DCONST=2 -DENTRY=2 -k \
  startup.obj interrupt.obj 

Object code version is 3.10

Machine type is 16F887



                Name                               Link     Load   Length Selector   Space Scale
startup.obj     end_init                             12       12        3        8       0
                reset_vec                             0        0        3        0       0
interrupt.obj   intentry                              4        4        E        8       0
                text89                               C9       C9       2F        8       0
                text88                               15       15       4F        8       0
                text87                               9A       9A       2F        8       0
                maintext                             64       64       36        8       0
                cstackCOMMON                         70       70        8       70       1
                bssCOMMON                            78       78        4       70       1
                cinit                                F8       F8        8        8       0

TOTAL           Name                               Link     Load   Length     Space
        CLASS   CONST          

        CLASS   CODE           
                end_init                             12       12        3         0
                intentry                              4        4        E         0
                reset_vec                             0        0        3         0
                text89                               C9       C9       2F         0
                text88                               15       15       4F         0
                text87                               9A       9A       2F         0
                maintext                             64       64       36         0
                cinit                                F8       F8        8         0

        CLASS   STRCODE        

        CLASS   ENTRY          

        CLASS   STRING         

        CLASS   BANK0          

        CLASS   BANK1          

        CLASS   BANK2          

        CLASS   BANK3          

        CLASS   RAM            

        CLASS   ABS1           
                abs_s1                               7E       7E        2         1

        CLASS   COMMON         
                cstackCOMMON                         70       70        8         1
                bssCOMMON                            78       78        4         1

        CLASS   SFR0           

        CLASS   SFR1           

        CLASS   SFR2           

        CLASS   SFR3           

        CLASS   CONFIG         

        CLASS   IDLOC          

        CLASS   EEDATA         



SEGMENTS        Name                           Load    Length   Top    Selector   Space  Class     Delta

                reset_vec                      000000  000003  000003         0       0  CODE        2
                intentry                       000004  0000FC  000100         8       0  CODE        2
                cstackCOMMON                   000070  00000C  00007C        70       1  COMMON      1


UNUSED ADDRESS RANGES

        Name                Unused          Largest block    Delta
        BANK0            020-06F            50           1
        BANK1            0A0-0EF            50           1
        BANK2            110-16F            60           1
        BANK3            190-1EF            60           1
        CODE             003-003             1           2
                         100-1FFF           800
        COMMON           07C-07D             2           1
        CONFIG           2007-2008             2           2
        CONST            003-003             1           2
                         100-1FFF           100
        EEDATA           2100-21FF           100           2
        ENTRY            003-003             1           2
                         100-1FFF           100
        IDLOC            2000-2003             4           2
        RAM              020-06F            50           1
                         0A0-0EF            50
                         110-16F            60
                         190-1EF            60
        SFR0             000-01F            20           1
        SFR1             080-09F            20           1
        SFR2             100-10F            10           1
        SFR3             180-18F            10           1
        STRCODE          003-003             1           2
                         100-1FFF          1F00
        STRING           003-003             1           2
                         100-1FFF           100

                                  Symbol Table

??_Ext                cstackCOMMON 072  ??_main               cstackCOMMON 078
??_timer              cstackCOMMON 078  ??i1_timer            cstackCOMMON 072
?_Ext                 cstackCOMMON 070  ?_main                cstackCOMMON 070
?_timer               cstackCOMMON 076  ?i1_timer             cstackCOMMON 070
_ANSEL                (abs)        188  _ANSELH               (abs)        189
_Ext                  text88       015  _GIE                  (abs)        05F
_INTE                 (abs)        05C  _INTF                 (abs)        059
_PEIE                 (abs)        05E  _PORTA                (abs)        005
_PORTB                (abs)        006  _RA0                  (abs)        028
_RA1                  (abs)        029  _T1CON                (abs)        010
_TMR1IF               (abs)        060  _TRISA                (abs)        085
_TRISB                (abs)        086  __Habs1               abs1         000
__Hbank0              bank0        000  __Hbank1              bank1        000
__Hbank2              bank2        000  __Hbank3              bank3        000
__HbssCOMMON          bssCOMMON    000  __Hcinit              cinit        000
__Hclrtext            clrtext      000  __Hcode               code         000
__Hcommon             common       000  __Hconfig             config       000
__HcstackCOMMON       cstackCOMMON 000  __Heeprom_data        eeprom_data  000
__Hend_init           end_init     015  __Hfunctab            functab      000
__Hidloc              idloc        000  __Hinit               init         012
__Hintentry           intentry     012  __Hmaintext           maintext     000
__Hpowerup            powerup      000  __Hram                ram          000
__Hreset_vec          reset_vec    003  __Hsfr0               sfr0         000
__Hsfr1               sfr1         000  __Hsfr2               sfr2         000
__Hsfr3               sfr3         000  __Hstrings            strings      000
__Htext               text         000  __Labs1               abs1         000
__Lbank0              bank0        000  __Lbank1              bank1        000
__Lbank2              bank2        000  __Lbank3              bank3        000
__LbssCOMMON          bssCOMMON    000  __Lcinit              cinit        000
__Lclrtext            clrtext      000  __Lcode               code         000
__Lcommon             common       000  __Lconfig             config       000
__LcstackCOMMON       cstackCOMMON 000  __Leeprom_data        eeprom_data  000
__Lend_init           end_init     012  __Lfunctab            functab      000
__Lidloc              idloc        000  __Linit               init         012
__Lintentry           intentry     004  __Lmaintext           maintext     000
__Lpowerup            powerup      000  __Lram                ram          000
__Lreset_vec          reset_vec    000  __Lsfr0               sfr0         000
__Lsfr1               sfr1         000  __Lsfr2               sfr2         000
__Lsfr3               sfr3         000  __Lstrings            strings      000
__Ltext               text         000  __S0                  (abs)        100
__S1                  (abs)        07C  __S2                  (abs)        000
__end_of_Ext          text88       064  __end_of_main         maintext     09A
__end_of_timer        text87       0C9  __end_ofi1_timer      text89       0F8
__pbssCOMMON          bssCOMMON    078  __pcstackCOMMON       cstackCOMMON 070
__pintentry           intentry     004  __pmaintext           maintext     064
__ptext86             text86       000  __ptext87             text87       09A
__ptext88             text88       015  __ptext89             text89       0C9
__ptext90             text90       000  __size_of_Ext         (abs)        000
__size_of_main        (abs)        000  __size_of_timer       (abs)        000
__size_ofi1_timer     (abs)        000  _count                bssCOMMON    078
_exit                 init         012  _i                    bssCOMMON    07A
_main                 maintext     064  _timer                text87       09A
btemp                 (abs)        07E  end_of_initialization cinit        0FC
i1_timer              text89       0C9  i1timer@a             cstackCOMMON 070
interrupt_function    intentry     004  intlevel0             functab      000
intlevel1             functab      000  intlevel2             functab      000
intlevel3             functab      000  intlevel4             functab      000
intlevel5             functab      000  reset_vec             reset_vec    000
saved_w               (abs)        07E  start                 init         012
start_initialization  cinit        0F8  timer@a               cstackCOMMON 076
wtemp0                (abs)        07E  
