HI-TECH Software C Compiler 

Linker command line:

--edf=C:\Program Files\HI-TECH Software\PICC\9.81\dat\en_msgs.txt -cs \
  -h+UART_ADC.sym -z -Q16F887 -ol.obj -MUART_ADC.map -E1 \
  -ACONST=00h-0FFhx32 -ACODE=00h-07FFhx4 -ASTRCODE=00h-01FFFh \
  -AENTRY=00h-0FFhx32 -ASTRING=00h-0FFhx32 -ABANK0=020h-06Fh \
  -ABANK1=0A0h-0EFh -ABANK2=0110h-016Fh -ABANK3=0190h-01EFh \
  -ARAM=020h-06Fh,0A0h-0EFh,0110h-016Fh,0190h-01EFh \
  -AABS1=020h-07Fh,0A0h-0EFh,0110h-016Fh,0190h-01EFh -ACOMMON=070h-07Fh \
  -ASFR0=00h-01Fh -ASFR1=080h-09Fh -ASFR2=0100h-010Fh -ASFR3=0180h-018Fh \
  -preset_vec=00h,intentry,init,end_init -ppowerup=CODE -pfunctab=CODE \
  -ACONFIG=02007h-02008h -pconfig=CONFIG -DCONFIG=2 -AIDLOC=02000h-02003h \
  -pidloc=IDLOC -DIDLOC=2 -AEEDATA=00h-0FFh/02100h -peeprom_data=EEDATA \
  -DEEDATA=2 -DCODE=2 -DSTRCODE=2 -DSTRING=2 -DCONST=2 -DENTRY=2 -k \
  startup.obj UART_ADC.obj 

Object code version is 3.10

Machine type is 16F887



                Name                               Link     Load   Length Selector   Space Scale
startup.obj     end_init                              0        0        3        0       0
UART_ADC.obj    text162                             5EF      5EF        C      BDE       0
                text161                             5E4      5E4        B      BC8       0
                text160                             694      694       74      D28       0
                text159                             62E      62E       66      C5C       0
                text158                             708      708       F8      E10       0
                maintext                            5FB      5FB       33      BF6       0
                cstackBANK0                          20       20        D       20       1
                cstackCOMMON                         70       70        B       70       1
                cinit                               5E0      5E0        4      BC0       0
                nvBANK0                              2D       2D        6       20       1

TOTAL           Name                               Link     Load   Length     Space
        CLASS   CONST          

        CLASS   CODE           
                end_init                              0        0        3         0
                text162                             5EF      5EF        C         0
                text161                             5E4      5E4        B         0
                text160                             694      694       74         0
                text159                             62E      62E       66         0
                text158                             708      708       F8         0
                maintext                            5FB      5FB       33         0
                cinit                               5E0      5E0        4         0

        CLASS   STRCODE        

        CLASS   ENTRY          

        CLASS   STRING         

        CLASS   BANK0          
                cstackBANK0                          20       20        D         1
                nvBANK0                              2D       2D        6         1

        CLASS   BANK1          

        CLASS   BANK2          

        CLASS   BANK3          

        CLASS   RAM            

        CLASS   ABS1           
                abs_s1                               7E       7E        2         1

        CLASS   COMMON         
                cstackCOMMON                         70       70        B         1

        CLASS   SFR0           

        CLASS   SFR1           

        CLASS   SFR2           

        CLASS   SFR3           

        CLASS   CONFIG         

        CLASS   IDLOC          

        CLASS   EEDATA         



SEGMENTS        Name                           Load    Length   Top    Selector   Space  Class     Delta

                reset_vec                      000000  000003  000003         0       0  CODE        2
                cstackBANK0                    000020  000013  000033        20       1  BANK0       1
                cstackCOMMON                   000070  00000B  00007B        70       1  COMMON      1
                cinit                          0005E0  000004  0005E4       BC0       0  CODE        2
                text161                        0005E4  00000B  0005EF       BC8       0  CODE        2
                text162                        0005EF  00000C  0005FB       BDE       0  CODE        2
                maintext                       0005FB  000033  00062E       BF6       0  CODE        2
                text159                        00062E  000066  000694       C5C       0  CODE        2
                text160                        000694  000074  000708       D28       0  CODE        2
                text158                        000708  0000F8  000800       E10       0  CODE        2


UNUSED ADDRESS RANGES

        Name                Unused          Largest block    Delta
        BANK0            0033-006F             3D           1
        BANK1            00A0-00EF             50           1
        BANK2            0110-016F             60           1
        BANK3            0190-01EF             60           1
        CODE             0003-05DF            5DD           2
                         0800-1FFF            800
        COMMON           007B-007D              3           1
        CONFIG           2007-2008              2           2
        CONST            0003-05DF            100           2
                         0800-1FFF            100
        EEDATA           2100-21FF            100           2
        ENTRY            0003-05DF            100           2
                         0800-1FFF            100
        IDLOC            2000-2003              4           2
        RAM              0033-006F             3D           1
                         00A0-00EF             50
                         0110-016F             60
                         0190-01EF             60
        SFR0             0000-001F             20           1
        SFR1             0080-009F             20           1
        SFR2             0100-010F             10           1
        SFR3             0180-018F             10           1
        STRCODE          0003-05DF            5DD           2
                         0800-1FFF           1800
        STRING           0003-05DF            100           2
                         0800-1FFF            100

                                  Symbol Table

??___awdiv            cstackCOMMON 0074
??___awmod            cstackCOMMON 0074
??_adc                cstackCOMMON 0079
??_main               cstackCOMMON 007B
??_tx                 cstackCOMMON 0072
??_tx1                cstackCOMMON 0070
?___awdiv             cstackCOMMON 0070
?___awmod             cstackCOMMON 0070
?_adc                 cstackCOMMON 0070
?_main                cstackCOMMON 0070
?_tx                  cstackCOMMON 0070
?_tx1                 cstackCOMMON 0070
_ADCON0               (abs)        001F
_ADCON1               (abs)        009F
_ADRESH               (abs)        001E
_ADRESL               (abs)        009E
_ANSEL                (abs)        0188
_ANSELH               (abs)        0189
_DV                   nvBANK0      002D
_PORTA                (abs)        0005
_PORTC                (abs)        0007
_PORTD                (abs)        0008
_PORTE                (abs)        0009
_RCSTA                (abs)        0018
_RE0                  (abs)        0048
_RE1                  (abs)        0049
_RE2                  (abs)        004A
_SPBRG                (abs)        0099
_TRISA                (abs)        0085
_TRISC                (abs)        0087
_TRISD                (abs)        0088
_TRISE                (abs)        0089
_TXIF                 (abs)        0064
_TXREG                (abs)        0019
_TXSTA                (abs)        0098
__Habs1               abs1         0000
__Hbank0              bank0        0000
__Hbank1              bank1        0000
__Hbank2              bank2        0000
__Hbank3              bank3        0000
__Hcinit              cinit        0000
__Hclrtext            clrtext      0000
__Hcode               code         0000
__Hcommon             common       0000
__Hconfig             config       0000
__HcstackBANK0        cstackBANK0  0000
__HcstackCOMMON       cstackCOMMON 0000
__Heeprom_data        eeprom_data  0000
__Hend_init           end_init     0003
__Hfunctab            functab      0000
__Hidloc              idloc        0000
__Hinit               init         0000
__Hintentry           intentry     0000
__Hmaintext           maintext     0000
__HnvBANK0            nvBANK0      0000
__Hpowerup            powerup      0000
__Hram                ram          0000
__Hreset_vec          reset_vec    0000
__Hsfr0               sfr0         0000
__Hsfr1               sfr1         0000
__Hsfr2               sfr2         0000
__Hsfr3               sfr3         0000
__Hstrings            strings      0000
__Htext               text         0000
__Labs1               abs1         0000
__Lbank0              bank0        0000
__Lbank1              bank1        0000
__Lbank2              bank2        0000
__Lbank3              bank3        0000
__Lcinit              cinit        0000
__Lclrtext            clrtext      0000
__Lcode               code         0000
__Lcommon             common       0000
__Lconfig             config       0000
__LcstackBANK0        cstackBANK0  0000
__LcstackCOMMON       cstackCOMMON 0000
__Leeprom_data        eeprom_data  0000
__Lend_init           end_init     0000
__Lfunctab            functab      0000
__Lidloc              idloc        0000
__Linit               init         0000
__Lintentry           intentry     0000
__Lmaintext           maintext     0000
__LnvBANK0            nvBANK0      0000
__Lpowerup            powerup      0000
__Lram                ram          0000
__Lreset_vec          reset_vec    0000
__Lsfr0               sfr0         0000
__Lsfr1               sfr1         0000
__Lsfr2               sfr2         0000
__Lsfr3               sfr3         0000
__Lstrings            strings      0000
__Ltext               text         0000
__S0                  (abs)        0800
__S1                  (abs)        007B
__S2                  (abs)        0000
___awdiv              text160      0694
___awdiv@counter      cstackCOMMON 0075
___awdiv@dividend     cstackCOMMON 0072
___awdiv@divisor      cstackCOMMON 0070
___awdiv@quotient     cstackCOMMON 0077
___awdiv@sign         cstackCOMMON 0076
___awmod              text159      062E
___awmod@counter      cstackCOMMON 0075
___awmod@dividend     cstackCOMMON 0072
___awmod@divisor      cstackCOMMON 0070
___awmod@sign         cstackCOMMON 0076
__end_of___awdiv      text160      0708
__end_of___awmod      text159      0694
__end_of_adc          text158      0800
__end_of_main         maintext     062E
__end_of_tx           text161      05EF
__end_of_tx1          text162      05FB
__pcstackBANK0        cstackBANK0  0020
__pcstackCOMMON       cstackCOMMON 0070
__pmaintext           maintext     05FB
__pnvBANK0            nvBANK0      002D
__ptext158            text158      0708
__ptext159            text159      062E
__ptext160            text160      0694
__ptext161            text161      05E4
__ptext162            text162      05EF
__ptext163            text163      0000
__size_of___awdiv     (abs)        0000
__size_of___awmod     (abs)        0000
__size_of_adc         (abs)        0000
__size_of_main        (abs)        0000
__size_of_tx          (abs)        0000
__size_of_tx1         (abs)        0000
_adc                  text158      0708
_exit                 init         0000
_high                 nvBANK0      002F
_low                  nvBANK0      0031
_main                 maintext     05FB
_tx                   text161      05E4
_tx1                  text162      05EF
adc@a                 cstackBANK0  0020
adc@b                 cstackBANK0  0022
adc@c                 cstackBANK0  0029
adc@d                 cstackBANK0  002B
adc@e                 cstackBANK0  0024
adc@f                 cstackBANK0  0026
adc@g                 cstackBANK0  0028
btemp                 (abs)        007E
end_of_initialization cinit        05E0
intlevel0             functab      0000
intlevel1             functab      0000
intlevel2             functab      0000
intlevel3             functab      0000
intlevel4             functab      0000
intlevel5             functab      0000
reset_vec             reset_vec    0000
start                 init         0000
start_initialization  cinit        05E0
tx1@a                 cstackCOMMON 0070
tx@a                  cstackCOMMON 0070
wtemp0                (abs)        007E
