HI-TECH Software C Compiler 

Linker command line:

--edf=C:\Program Files\HI-TECH Software\PICC\9.81\dat\en_msgs.txt -cs \
  -h+lcd_basic.sym -z -Q16F887 -ol.obj -Mlcd_basic.map -E1 \
  -ACONST=00h-0FFhx32 -ACODE=00h-07FFhx4 -ASTRCODE=00h-01FFFh \
  -AENTRY=00h-0FFhx32 -ASTRING=00h-0FFhx32 -ABANK0=020h-06Fh \
  -ABANK1=0A0h-0EFh -ABANK2=0110h-016Fh -ABANK3=0190h-01EFh \
  -ARAM=020h-06Fh,0A0h-0EFh,0110h-016Fh,0190h-01EFh \
  -AABS1=020h-07Fh,0A0h-0EFh,0110h-016Fh,0190h-01EFh -ACOMMON=070h-07Fh \
  -ASFR0=00h-01Fh -ASFR1=080h-09Fh -ASFR2=0100h-010Fh -ASFR3=0180h-018Fh \
  -preset_vec=00h,intentry,init,end_init -ppowerup=CODE -pfunctab=CODE \
  -ACONFIG=02007h-02008h -pconfig=CONFIG -DCONFIG=2 -AIDLOC=02000h-02003h \
  -pidloc=IDLOC -DIDLOC=2 -AEEDATA=00h-0FFh/02100h -peeprom_data=EEDATA \
  -DEEDATA=2 -DCODE=2 -DSTRCODE=2 -DSTRING=2 -DCONST=2 -DENTRY=2 -k \
  startup.obj lcd_basic.obj 

Object code version is 3.10

Machine type is 16F887



                Name                               Link     Load   Length Selector   Space Scale
startup.obj     end_init                              0        0        3        0       0
lcd_basic.obj   text198                             757      757       14      EAE       0
                text197                             77F      77F       19      EFE       0
                text196                             710      710        C      E20       0
                text195                             71C      71C        C      E38       0
                text194                             728      728        C      E50       0
                text193                             7C2      7C2       3E      F84       0
                maintext                            798      798       2A      F30       0
                cstackBANK0                          20       20       17       20       1
                cstackCOMMON                         70       70        6       70       1
                inittext                            734      734       11      E68       0
                dataBANK0                            37       37       14       20       1
                cinit                               745      745       12      E8A       0
                idataBANK0                          76B      76B       14      ED6       0

TOTAL           Name                               Link     Load   Length     Space
        CLASS   CONST          

        CLASS   CODE           
                end_init                              0        0        3         0
                text198                             757      757       14         0
                text197                             77F      77F       19         0
                text196                             710      710        C         0
                text195                             71C      71C        C         0
                text194                             728      728        C         0
                text193                             7C2      7C2       3E         0
                maintext                            798      798       2A         0
                inittext                            734      734       11         0
                cinit                               745      745       12         0
                idataBANK0                          76B      76B       14         0

        CLASS   STRCODE        

        CLASS   ENTRY          

        CLASS   STRING         

        CLASS   BANK0          
                cstackBANK0                          20       20       17         1
                dataBANK0                            37       37       14         1

        CLASS   BANK1          

        CLASS   BANK2          

        CLASS   BANK3          

        CLASS   RAM            

        CLASS   ABS1           
                abs_s1                               7E       7E        2         1

        CLASS   COMMON         
                cstackCOMMON                         70       70        6         1

        CLASS   SFR0           

        CLASS   SFR1           

        CLASS   SFR2           

        CLASS   SFR3           

        CLASS   CONFIG         

        CLASS   IDLOC          

        CLASS   EEDATA         



SEGMENTS        Name                           Load    Length   Top    Selector   Space  Class     Delta

                reset_vec                      000000  000003  000003         0       0  CODE        2
                cstackBANK0                    000020  00002B  00004B        20       1  BANK0       1
                cstackCOMMON                   000070  000006  000076        70       1  COMMON      1
                text196                        000710  00000C  00071C       E20       0  CODE        2
                text195                        00071C  00000C  000728       E38       0  CODE        2
                text194                        000728  00000C  000734       E50       0  CODE        2
                inittext                       000734  000011  000745       E68       0  CODE        2
                cinit                          000745  000012  000757       E8A       0  CODE        2
                text198                        000757  000014  00076B       EAE       0  CODE        2
                idataBANK0                     00076B  000014  00077F       ED6       0  CODE        2
                text197                        00077F  000019  000798       EFE       0  CODE        2
                maintext                       000798  00002A  0007C2       F30       0  CODE        2
                text193                        0007C2  00003E  000800       F84       0  CODE        2


UNUSED ADDRESS RANGES

        Name                Unused          Largest block    Delta
        BANK0            004B-006F             25           1
        BANK1            00A0-00EF             50           1
        BANK2            0110-016F             60           1
        BANK3            0190-01EF             60           1
        CODE             0003-070F            70D           2
                         0800-1FFF            800
        COMMON           0076-007D              8           1
        CONFIG           2007-2008              2           2
        CONST            0003-070F            100           2
                         0800-1FFF            100
        EEDATA           2100-21FF            100           2
        ENTRY            0003-070F            100           2
                         0800-1FFF            100
        IDLOC            2000-2003              4           2
        RAM              004B-006F             25           1
                         00A0-00EF             50
                         0110-016F             60
                         0190-01EF             60
        SFR0             0000-001F             20           1
        SFR1             0080-009F             20           1
        SFR2             0100-010F             10           1
        SFR3             0180-018F             10           1
        STRCODE          0003-070F            70D           2
                         0800-1FFF           1800
        STRING           0003-070F            100           2
                         0800-1FFF            100

                                  Symbol Table

??_address            cstackCOMMON 0072
??_delay              cstackCOMMON 0072
??_display            cstackCOMMON 0072
??_main               cstackCOMMON 0076
??_on                 cstackCOMMON 0072
??_pulse              cstackCOMMON 0072
??_type               cstackCOMMON 0072
?_address             cstackCOMMON 0070
?_delay               cstackCOMMON 0070
?_display             cstackCOMMON 0070
?_main                cstackCOMMON 0070
?_on                  cstackCOMMON 0070
?_pulse               cstackCOMMON 0070
?_type                cstackCOMMON 0070
_ANSEL                (abs)        0188
_ANSELH               (abs)        0189
_PORTD                (abs)        0008
_PORTE                (abs)        0009
_RE0                  (abs)        0048
_RE1                  (abs)        0049
_RE2                  (abs)        004A
_TRISD                (abs)        0088
_TRISE                (abs)        0089
__Habs1               abs1         0000
__Hbank0              bank0        0000
__Hbank1              bank1        0000
__Hbank2              bank2        0000
__Hbank3              bank3        0000
__Hcinit              cinit        0000
__Hclrtext            clrtext      0000
__Hcode               code         0000
__Hcommon             common       0000
__Hconfig             config       0000
__HcstackBANK0        cstackBANK0  0000
__HcstackCOMMON       cstackCOMMON 0000
__HdataBANK0          dataBANK0    0000
__Heeprom_data        eeprom_data  0000
__Hend_init           end_init     0003
__Hfunctab            functab      0000
__HidataBANK0         idataBANK0   0000
__Hidloc              idloc        0000
__Hinit               init         0000
__Hinittext           inittext     0000
__Hintentry           intentry     0000
__Hmaintext           maintext     0000
__Hpowerup            powerup      0000
__Hram                ram          0000
__Hreset_vec          reset_vec    0000
__Hsfr0               sfr0         0000
__Hsfr1               sfr1         0000
__Hsfr2               sfr2         0000
__Hsfr3               sfr3         0000
__Hstrings            strings      0000
__Htext               text         0000
__Labs1               abs1         0000
__Lbank0              bank0        0000
__Lbank1              bank1        0000
__Lbank2              bank2        0000
__Lbank3              bank3        0000
__Lcinit              cinit        0000
__Lclrtext            clrtext      0000
__Lcode               code         0000
__Lcommon             common       0000
__Lconfig             config       0000
__LcstackBANK0        cstackBANK0  0000
__LcstackCOMMON       cstackCOMMON 0000
__LdataBANK0          dataBANK0    0000
__Leeprom_data        eeprom_data  0000
__Lend_init           end_init     0000
__Lfunctab            functab      0000
__LidataBANK0         idataBANK0   0000
__Lidloc              idloc        0000
__Linit               init         0000
__Linittext           inittext     0000
__Lintentry           intentry     0000
__Lmaintext           maintext     0000
__Lpowerup            powerup      0000
__Lram                ram          0000
__Lreset_vec          reset_vec    0000
__Lsfr0               sfr0         0000
__Lsfr1               sfr1         0000
__Lsfr2               sfr2         0000
__Lsfr3               sfr3         0000
__Lstrings            strings      0000
__Ltext               text         0000
__S0                  (abs)        0800
__S1                  (abs)        0076
__S2                  (abs)        0000
__end_of_address      text194      0734
__end_of_delay        text198      076B
__end_of_display      text193      0800
__end_of_main         maintext     07C2
__end_of_on           text195      0728
__end_of_pulse        text197      0798
__end_of_type         text196      071C
__pcstackBANK0        cstackBANK0  0020
__pcstackCOMMON       cstackCOMMON 0070
__pdataBANK0          dataBANK0    0037
__pidataBANK0         idataBANK0   076B
__pmaintext           maintext     0798
__ptext193            text193      07C2
__ptext194            text194      0728
__ptext195            text195      071C
__ptext196            text196      0710
__ptext197            text197      077F
__ptext198            text198      0757
__ptext199            text199      0000
__size_of_address     (abs)        0000
__size_of_delay       (abs)        0000
__size_of_display     (abs)        0000
__size_of_main        (abs)        0000
__size_of_on          (abs)        0000
__size_of_pulse       (abs)        0000
__size_of_type        (abs)        0000
_address              text194      0728
_delay                text198      0757
_display              text193      07C2
_exit                 init         0000
_main                 maintext     0798
_on                   text195      071C
_pulse                text197      077F
_type                 text196      0710
btemp                 (abs)        007E
delay@a               cstackCOMMON 0070
display@F1608         dataBANK0    0037
display@a             cstackBANK0  0020
display@i             cstackBANK0  0035
display@p             cstackBANK0  0034
end_of_initialization cinit        0753
init_fetch            inittext     0734
init_ram              inittext     0738
intlevel0             functab      0000
intlevel1             functab      0000
intlevel2             functab      0000
intlevel3             functab      0000
intlevel4             functab      0000
intlevel5             functab      0000
reset_vec             reset_vec    0000
start                 init         0000
start_initialization  cinit        0745
wtemp0                (abs)        007E
