HI-TECH Software C Compiler 

Linker command line:

--edf=C:\Program Files\HI-TECH Software\PICC\9.81\dat\en_msgs.txt -cs \
  -h+eeprom.sym -z -Q16F887 -ol.obj -Meeprom.map -E1 -ACONST=00h-0FFhx32 \
  -ACODE=00h-07FFhx4 -ASTRCODE=00h-01FFFh -AENTRY=00h-0FFhx32 \
  -ASTRING=00h-0FFhx32 -ABANK0=020h-06Fh -ABANK1=0A0h-0EFh \
  -ABANK2=0110h-016Fh -ABANK3=0190h-01EFh \
  -ARAM=020h-06Fh,0A0h-0EFh,0110h-016Fh,0190h-01EFh \
  -AABS1=020h-07Fh,0A0h-0EFh,0110h-016Fh,0190h-01EFh -ACOMMON=070h-07Fh \
  -ASFR0=00h-01Fh -ASFR1=080h-09Fh -ASFR2=0100h-010Fh -ASFR3=0180h-018Fh \
  -preset_vec=00h,intentry,init,end_init -ppowerup=CODE -pfunctab=CODE \
  -ACONFIG=02007h-02008h -pconfig=CONFIG -DCONFIG=2 -AIDLOC=02000h-02003h \
  -pidloc=IDLOC -DIDLOC=2 -AEEDATA=00h-0FFh/02100h -peeprom_data=EEDATA \
  -DEEDATA=2 -DCODE=2 -DSTRCODE=2 -DSTRING=2 -DCONST=2 -DENTRY=2 -k \
  startup.obj eeprom.obj 

Object code version is 3.10

Machine type is 16F887



                Name                               Link     Load   Length Selector   Space Scale
startup.obj     end_init                              0        0        3        0       0
eeprom.obj      text248                             67B      67B       14      CF6       0
                text247                             657      657        9      CAE       0
                text246                             68F      68F       20      D1E       0
                text245                             6DB      6DB       2E      DB6       0
                text244                             660      660        9      CC0       0
                text243                             669      669        9      CD2       0
                text242                             672      672        9      CE4       0
                text241                             6AF      6AF       2C      D5E       0
                maintext                            709      709       F7      E12       0
                cstackCOMMON                         70       70        B       70       1
                bssBANK0                             20       20        2       20       1
                bssCOMMON                            7B       7B        2       70       1
                cinit                               64F      64F        8      C9E       0

TOTAL           Name                               Link     Load   Length     Space
        CLASS   CONST          

        CLASS   CODE           
                end_init                              0        0        3         0
                text248                             67B      67B       14         0
                text247                             657      657        9         0
                text246                             68F      68F       20         0
                text245                             6DB      6DB       2E         0
                text244                             660      660        9         0
                text243                             669      669        9         0
                text242                             672      672        9         0
                text241                             6AF      6AF       2C         0
                maintext                            709      709       F7         0
                cinit                               64F      64F        8         0

        CLASS   STRCODE        

        CLASS   ENTRY          

        CLASS   STRING         

        CLASS   BANK0          
                bssBANK0                             20       20        2         1

        CLASS   BANK1          

        CLASS   BANK2          

        CLASS   BANK3          

        CLASS   RAM            

        CLASS   ABS1           
                abs_s1                               7E       7E        2         1

        CLASS   COMMON         
                cstackCOMMON                         70       70        B         1
                bssCOMMON                            7B       7B        2         1

        CLASS   SFR0           

        CLASS   SFR1           

        CLASS   SFR2           

        CLASS   SFR3           

        CLASS   CONFIG         

        CLASS   IDLOC          

        CLASS   EEDATA         



SEGMENTS        Name                           Load    Length   Top    Selector   Space  Class     Delta

                reset_vec                      000000  000003  000003         0       0  CODE        2
                bssBANK0                       000020  000002  000022        20       1  BANK0       1
                cstackCOMMON                   000070  00000D  00007D        70       1  COMMON      1
                cinit                          00064F  000008  000657       C9E       0  CODE        2
                text247                        000657  000009  000660       CAE       0  CODE        2
                text244                        000660  000009  000669       CC0       0  CODE        2
                text243                        000669  000009  000672       CD2       0  CODE        2
                text242                        000672  000009  00067B       CE4       0  CODE        2
                text248                        00067B  000014  00068F       CF6       0  CODE        2
                text246                        00068F  000020  0006AF       D1E       0  CODE        2
                text241                        0006AF  00002C  0006DB       D5E       0  CODE        2
                text245                        0006DB  00002E  000709       DB6       0  CODE        2
                maintext                       000709  0000F7  000800       E12       0  CODE        2


UNUSED ADDRESS RANGES

        Name                Unused          Largest block    Delta
        BANK0            0022-006F             4E           1
        BANK1            00A0-00EF             50           1
        BANK2            0110-016F             60           1
        BANK3            0190-01EF             60           1
        CODE             0003-064E            64C           2
                         0800-1FFF            800
        COMMON           007D-007D              1           1
        CONFIG           2007-2008              2           2
        CONST            0003-064E            100           2
                         0800-1FFF            100
        EEDATA           2100-21FF            100           2
        ENTRY            0003-064E            100           2
                         0800-1FFF            100
        IDLOC            2000-2003              4           2
        RAM              0022-006F             4E           1
                         00A0-00EF             50
                         0110-016F             60
                         0190-01EF             60
        SFR0             0000-001F             20           1
        SFR1             0080-009F             20           1
        SFR2             0100-010F             10           1
        SFR3             0180-018F             10           1
        STRCODE          0003-064E            64C           2
                         0800-1FFF           1800
        STRING           0003-064E            100           2
                         0800-1FFF            100

                                  Symbol Table

??_delay              cstackCOMMON 0072
??_hold               cstackCOMMON 0070
??_i2c_read           cstackCOMMON 0072
??_i2c_restart        cstackCOMMON 0070
??_i2c_slave          cstackCOMMON 0077
??_i2c_start          cstackCOMMON 0070
??_i2c_stop           cstackCOMMON 0070
??_lcd_cmd            cstackCOMMON 0074
??_main               cstackCOMMON 0078
?_delay               cstackCOMMON 0070
?_hold                cstackCOMMON 0070
?_i2c_read            cstackCOMMON 0070
?_i2c_restart         cstackCOMMON 0070
?_i2c_slave           cstackCOMMON 0075
?_i2c_start           cstackCOMMON 0070
?_i2c_stop            cstackCOMMON 0070
?_lcd_cmd             cstackCOMMON 0072
?_main                cstackCOMMON 0070
_ACKDT                (abs)        048D
_ACKEN                (abs)        048C
_ACKSTAT              (abs)        048E
_ANSEL                (abs)        0188
_ANSELH               (abs)        0189
_BF                   (abs)        04A0
_PEN                  (abs)        048A
_PORTC                (abs)        0007
_PORTD                (abs)        0008
_PORTE                (abs)        0009
_RC0                  (abs)        0038
_RCEN                 (abs)        048B
_RE0                  (abs)        0048
_RE1                  (abs)        0049
_RE2                  (abs)        004A
_RSEN                 (abs)        0489
_SEN                  (abs)        0488
_SMP                  (abs)        04A7
_SSPBUF               (abs)        0013
_SSPCON               (abs)        0014
_SSPIF                (abs)        0063
_SSPOV                (abs)        00A6
_TRISC                (abs)        0087
_TRISD                (abs)        0088
_TRISE                (abs)        0089
__Habs1               abs1         0000
__Hbank0              bank0        0000
__Hbank1              bank1        0000
__Hbank2              bank2        0000
__Hbank3              bank3        0000
__HbssBANK0           bssBANK0     0000
__HbssCOMMON          bssCOMMON    0000
__Hcinit              cinit        0000
__Hclrtext            clrtext      0000
__Hcode               code         0000
__Hcommon             common       0000
__Hconfig             config       0000
__HcstackCOMMON       cstackCOMMON 0000
__Heeprom_data        eeprom_data  0000
__Hend_init           end_init     0003
__Hfunctab            functab      0000
__Hidloc              idloc        0000
__Hinit               init         0000
__Hintentry           intentry     0000
__Hmaintext           maintext     0000
__Hpowerup            powerup      0000
__Hram                ram          0000
__Hreset_vec          reset_vec    0000
__Hsfr0               sfr0         0000
__Hsfr1               sfr1         0000
__Hsfr2               sfr2         0000
__Hsfr3               sfr3         0000
__Hstrings            strings      0000
__Htext               text         0000
__Labs1               abs1         0000
__Lbank0              bank0        0000
__Lbank1              bank1        0000
__Lbank2              bank2        0000
__Lbank3              bank3        0000
__LbssBANK0           bssBANK0     0000
__LbssCOMMON          bssCOMMON    0000
__Lcinit              cinit        0000
__Lclrtext            clrtext      0000
__Lcode               code         0000
__Lcommon             common       0000
__Lconfig             config       0000
__LcstackCOMMON       cstackCOMMON 0000
__Leeprom_data        eeprom_data  0000
__Lend_init           end_init     0000
__Lfunctab            functab      0000
__Lidloc              idloc        0000
__Linit               init         0000
__Lintentry           intentry     0000
__Lmaintext           maintext     0000
__Lpowerup            powerup      0000
__Lram                ram          0000
__Lreset_vec          reset_vec    0000
__Lsfr0               sfr0         0000
__Lsfr1               sfr1         0000
__Lsfr2               sfr2         0000
__Lsfr3               sfr3         0000
__Lstrings            strings      0000
__Ltext               text         0000
__S0                  (abs)        0800
__S1                  (abs)        007D
__S2                  (abs)        0000
__end_of_delay        text248      068F
__end_of_hold         text247      0660
__end_of_i2c_read     text246      06AF
__end_of_i2c_restart  text242      067B
__end_of_i2c_slave    text241      06DB
__end_of_i2c_start    text244      0669
__end_of_i2c_stop     text243      0672
__end_of_lcd_cmd      text245      0709
__end_of_main         maintext     0800
__pbssBANK0           bssBANK0     0020
__pbssCOMMON          bssCOMMON    007B
__pcstackCOMMON       cstackCOMMON 0070
__pmaintext           maintext     0709
__ptext240            text240      0000
__ptext241            text241      06AF
__ptext242            text242      0672
__ptext243            text243      0669
__ptext244            text244      0660
__ptext245            text245      06DB
__ptext246            text246      068F
__ptext247            text247      0657
__ptext248            text248      067B
__ptext249            text249      0000
__size_of_delay       (abs)        0000
__size_of_hold        (abs)        0000
__size_of_i2c_read    (abs)        0000
__size_of_i2c_restart (abs)        0000
__size_of_i2c_slave   (abs)        0000
__size_of_i2c_start   (abs)        0000
__size_of_i2c_stop    (abs)        0000
__size_of_lcd_cmd     (abs)        0000
__size_of_main        (abs)        0000
_delay                text248      067B
_exit                 init         0000
_hold                 text247      0657
_i2c_read             text246      068F
_i2c_restart          text242      0672
_i2c_slave            text241      06AF
_i2c_start            text244      0660
_i2c_stop             text243      0669
_lcd_cmd              text245      06DB
_main                 maintext     0709
_retain               bssBANK0     0020
_s                    bssCOMMON    007B
btemp                 (abs)        007E
delay@ms              cstackCOMMON 0070
end_of_initialization cinit        0653
i2c_read@i            cstackCOMMON 0070
i2c_read@read         cstackCOMMON 0073
i2c_slave@data        cstackCOMMON 0075
intlevel0             functab      0000
intlevel1             functab      0000
intlevel2             functab      0000
intlevel3             functab      0000
intlevel4             functab      0000
intlevel5             functab      0000
lcd_cmd@a             cstackCOMMON 0074
lcd_cmd@b             cstackCOMMON 0072
lcd_cmd@c             cstackCOMMON 0073
main@read             cstackCOMMON 007A
reset_vec             reset_vec    0000
start                 init         0000
start_initialization  cinit        064F
wtemp0                (abs)        007E
