HI-TECH Software C Compiler 

Linker command line:

--edf=C:\Program Files\HI-TECH Software\PICC\9.81\dat\en_msgs.txt -cs \
  -h+lift2.sym -z -Q16F887 -ol.obj -Mlift2.map -E1 -ACONST=00h-0FFhx32 \
  -ACODE=00h-07FFhx4 -ASTRCODE=00h-01FFFh -AENTRY=00h-0FFhx32 \
  -ASTRING=00h-0FFhx32 -ABANK0=020h-06Fh -ABANK1=0A0h-0EFh \
  -ABANK2=0110h-016Fh -ABANK3=0190h-01EFh \
  -ARAM=020h-06Fh,0A0h-0EFh,0110h-016Fh,0190h-01EFh \
  -AABS1=020h-07Fh,0A0h-0EFh,0110h-016Fh,0190h-01EFh -ACOMMON=070h-07Fh \
  -ASFR0=00h-01Fh -ASFR1=080h-09Fh -ASFR2=0100h-010Fh -ASFR3=0180h-018Fh \
  -preset_vec=00h,intentry,init,end_init -ppowerup=CODE -pfunctab=CODE \
  -ACONFIG=02007h-02008h -pconfig=CONFIG -DCONFIG=2 -AIDLOC=02000h-02003h \
  -pidloc=IDLOC -DIDLOC=2 -AEEDATA=00h-0FFh/02100h -peeprom_data=EEDATA \
  -DEEDATA=2 -DCODE=2 -DSTRCODE=2 -DSTRING=2 -DCONST=2 -DENTRY=2 -k \
  startup.obj lift2.obj 

Object code version is 3.10

Machine type is 16F887



                Name                               Link     Load   Length Selector   Space Scale
startup.obj     end_init                              0        0        3        0       0
lift2.obj       text85                              673      673       7C      CE6       0
                maintext                            6EF      6EF      111      DDE       0
                cstackBANK0                          34       34       10       20       1
                inittext                            63A      63A       11      C74       0
                dataBANK0                            20       20       14       20       1
                bssBANK0                             44       44        2       20       1
                cinit                               64B      64B       14      C96       0
                idataBANK0                          65F      65F       14      CBE       0

TOTAL           Name                               Link     Load   Length     Space
        CLASS   CONST          

        CLASS   CODE           
                end_init                              0        0        3         0
                text85                              673      673       7C         0
                maintext                            6EF      6EF      111         0
                inittext                            63A      63A       11         0
                cinit                               64B      64B       14         0
                idataBANK0                          65F      65F       14         0

        CLASS   STRCODE        

        CLASS   ENTRY          

        CLASS   STRING         

        CLASS   BANK0          
                cstackBANK0                          34       34       10         1
                dataBANK0                            20       20       14         1
                bssBANK0                             44       44        2         1

        CLASS   BANK1          

        CLASS   BANK2          

        CLASS   BANK3          

        CLASS   RAM            

        CLASS   ABS1           
                abs_s1                               7E       7E        2         1

        CLASS   COMMON         

        CLASS   SFR0           

        CLASS   SFR1           

        CLASS   SFR2           

        CLASS   SFR3           

        CLASS   CONFIG         

        CLASS   IDLOC          

        CLASS   EEDATA         



SEGMENTS        Name                           Load    Length   Top    Selector   Space  Class     Delta

                reset_vec                      000000  000003  000003         0       0  CODE        2
                dataBANK0                      000020  000026  000046        20       1  BANK0       1
                inittext                       00063A  000011  00064B       C74       0  CODE        2
                cinit                          00064B  000014  00065F       C96       0  CODE        2
                idataBANK0                     00065F  000014  000673       CBE       0  CODE        2
                text85                         000673  00007C  0006EF       CE6       0  CODE        2
                maintext                       0006EF  000111  000800       DDE       0  CODE        2


UNUSED ADDRESS RANGES

        Name                Unused          Largest block    Delta
        BANK0            0046-006F             2A           1
        BANK1            00A0-00EF             50           1
        BANK2            0110-016F             60           1
        BANK3            0190-01EF             60           1
        CODE             0003-0639            637           2
                         0800-1FFF            800
        COMMON           0070-007D              E           1
        CONFIG           2007-2008              2           2
        CONST            0003-0639            100           2
                         0800-1FFF            100
        EEDATA           2100-21FF            100           2
        ENTRY            0003-0639            100           2
                         0800-1FFF            100
        IDLOC            2000-2003              4           2
        RAM              0046-006F             2A           1
                         00A0-00EF             50
                         0110-016F             60
                         0190-01EF             60
        SFR0             0000-001F             20           1
        SFR1             0080-009F             20           1
        SFR2             0100-010F             10           1
        SFR3             0180-018F             10           1
        STRCODE          0003-0639            637           2
                         0800-1FFF           1800
        STRING           0003-0639            100           2
                         0800-1FFF            100

                                  Symbol Table

??_main               cstackCOMMON 0000
??_motor              cstackCOMMON 0000
?_main                cstackCOMMON 0000
?_motor               cstackBANK0  0034
_ANSEL                (abs)        0188
_ANSELH               (abs)        0189
_PORTA                (abs)        0005
_PORTB                (abs)        0006
_PORTC                (abs)        0007
_PORTD                (abs)        0008
_RA0                  (abs)        0028
_RA1                  (abs)        0029
_RA2                  (abs)        002A
_RA3                  (abs)        002B
_RB1                  (abs)        0031
_RB2                  (abs)        0032
_RB3                  (abs)        0033
_RB4                  (abs)        0034
_RC0                  (abs)        0038
_RC1                  (abs)        0039
_TRISA                (abs)        0085
_TRISB                (abs)        0086
_TRISC                (abs)        0087
_TRISD                (abs)        0088
__Habs1               abs1         0000
__Hbank0              bank0        0000
__Hbank1              bank1        0000
__Hbank2              bank2        0000
__Hbank3              bank3        0000
__HbssBANK0           bssBANK0     0000
__Hcinit              cinit        0000
__Hclrtext            clrtext      0000
__Hcode               code         0000
__Hcommon             common       0000
__Hconfig             config       0000
__HcstackBANK0        cstackBANK0  0000
__HcstackCOMMON       cstackCOMMON 0000
__HdataBANK0          dataBANK0    0000
__Heeprom_data        eeprom_data  0000
__Hend_init           end_init     0003
__Hfunctab            functab      0000
__HidataBANK0         idataBANK0   0000
__Hidloc              idloc        0000
__Hinit               init         0000
__Hinittext           inittext     0000
__Hintentry           intentry     0000
__Hmaintext           maintext     0000
__Hpowerup            powerup      0000
__Hram                ram          0000
__Hreset_vec          reset_vec    0000
__Hsfr0               sfr0         0000
__Hsfr1               sfr1         0000
__Hsfr2               sfr2         0000
__Hsfr3               sfr3         0000
__Hstrings            strings      0000
__Htext               text         0000
__Labs1               abs1         0000
__Lbank0              bank0        0000
__Lbank1              bank1        0000
__Lbank2              bank2        0000
__Lbank3              bank3        0000
__LbssBANK0           bssBANK0     0000
__Lcinit              cinit        0000
__Lclrtext            clrtext      0000
__Lcode               code         0000
__Lcommon             common       0000
__Lconfig             config       0000
__LcstackBANK0        cstackBANK0  0000
__LcstackCOMMON       cstackCOMMON 0000
__LdataBANK0          dataBANK0    0000
__Leeprom_data        eeprom_data  0000
__Lend_init           end_init     0000
__Lfunctab            functab      0000
__LidataBANK0         idataBANK0   0000
__Lidloc              idloc        0000
__Linit               init         0000
__Linittext           inittext     0000
__Lintentry           intentry     0000
__Lmaintext           maintext     0000
__Lpowerup            powerup      0000
__Lram                ram          0000
__Lreset_vec          reset_vec    0000
__Lsfr0               sfr0         0000
__Lsfr1               sfr1         0000
__Lsfr2               sfr2         0000
__Lsfr3               sfr3         0000
__Lstrings            strings      0000
__Ltext               text         0000
__S0                  (abs)        0800
__S1                  (abs)        0046
__S2                  (abs)        0000
__end_of_main         maintext     0800
__end_of_motor        text85       06EF
__pbssBANK0           bssBANK0     0044
__pcstackBANK0        cstackBANK0  0034
__pcstackCOMMON       cstackCOMMON 0000
__pdataBANK0          dataBANK0    0020
__pidataBANK0         idataBANK0   065F
__pmaintext           maintext     06EF
__ptext85             text85       0673
__ptext86             text86       0000
__size_of_main        (abs)        0000
__size_of_motor       (abs)        0000
_exit                 init         0000
_i                    bssBANK0     0044
_main                 maintext     06EF
_motor                text85       0673
_seg                  dataBANK0    0020
btemp                 (abs)        007E
end_of_initialization cinit        065B
init_fetch            inittext     063A
init_ram              inittext     063E
intlevel0             functab      0000
intlevel1             functab      0000
intlevel2             functab      0000
intlevel3             functab      0000
intlevel4             functab      0000
intlevel5             functab      0000
motor@a               cstackBANK0  0034
motor@b               cstackBANK0  0036
motor@c               cstackBANK0  0038
motor@d               cstackBANK0  003A
motor@e               cstackBANK0  003C
motor@f               cstackBANK0  003E
motor@g               cstackBANK0  0040
motor@h               cstackBANK0  0042
reset_vec             reset_vec    0000
start                 init         0000
start_initialization  cinit        064B
wtemp0                (abs)        007E
