HI-TECH Software C Compiler 

Linker command line:

--edf=C:\Program Files\HI-TECH Software\PICC\9.81\dat\en_msgs.txt -cs \
  -h+car.sym -z -Q16F887 -ol.obj -Mcar.map -E1 -ACONST=00h-0FFhx32 \
  -ACODE=00h-07FFhx4 -ASTRCODE=00h-01FFFh -AENTRY=00h-0FFhx32 \
  -ASTRING=00h-0FFhx32 -ABANK0=020h-06Fh -ABANK1=0A0h-0EFh \
  -ABANK2=0110h-016Fh -ABANK3=0190h-01EFh \
  -ARAM=020h-06Fh,0A0h-0EFh,0110h-016Fh,0190h-01EFh \
  -AABS1=020h-07Fh,0A0h-0EFh,0110h-016Fh,0190h-01EFh -ACOMMON=070h-07Fh \
  -ASFR0=00h-01Fh -ASFR1=080h-09Fh -ASFR2=0100h-010Fh -ASFR3=0180h-018Fh \
  -preset_vec=00h,intentry,init,end_init -ppowerup=CODE -pfunctab=CODE \
  -ACONFIG=02007h-02008h -pconfig=CONFIG -DCONFIG=2 -AIDLOC=02000h-02003h \
  -pidloc=IDLOC -DIDLOC=2 -AEEDATA=00h-0FFh/02100h -peeprom_data=EEDATA \
  -DEEDATA=2 -DCODE=2 -DSTRCODE=2 -DSTRING=2 -DCONST=2 -DENTRY=2 -k \
  startup.obj car.obj 

Object code version is 3.10

Machine type is 16F887



                Name                               Link     Load   Length Selector   Space Scale
startup.obj     end_init                              0        0        3        0       0
car.obj         text132                             6CD      6CD       14      D9A       0
                text131                             707      707       2D      E0E       0
                text130                             734      734       2E      E68       0
                text129                             6E1      6E1       26      DC2       0
                maintext                            762      762       9E      EC4       0
                cstackCOMMON                         70       70        8       70       1
                bssBANK0                             20       20        2       20       1
                bssCOMMON                            78       78        6       70       1
                cinit                               6C1      6C1        C      D82       0
                strings                               3        3       19        6       0

TOTAL           Name                               Link     Load   Length     Space
        CLASS   CONST          

        CLASS   CODE           
                end_init                              0        0        3         0
                text132                             6CD      6CD       14         0
                text131                             707      707       2D         0
                text130                             734      734       2E         0
                text129                             6E1      6E1       26         0
                maintext                            762      762       9E         0
                cinit                               6C1      6C1        C         0

        CLASS   STRCODE        

        CLASS   ENTRY          

        CLASS   STRING         
                strings                               3        3       19         0

        CLASS   BANK0          
                bssBANK0                             20       20        2         1

        CLASS   BANK1          

        CLASS   BANK2          

        CLASS   BANK3          

        CLASS   RAM            

        CLASS   ABS1           
                abs_s1                               7E       7E        2         1

        CLASS   COMMON         
                cstackCOMMON                         70       70        8         1
                bssCOMMON                            78       78        6         1

        CLASS   SFR0           

        CLASS   SFR1           

        CLASS   SFR2           

        CLASS   SFR3           

        CLASS   CONFIG         

        CLASS   IDLOC          

        CLASS   EEDATA         



SEGMENTS        Name                           Load    Length   Top    Selector   Space  Class     Delta

                reset_vec                      000000  000003  000003         0       0  CODE        2
                strings                        000003  000019  00001C         6       0  STRING      2
                bssBANK0                       000020  000002  000022        20       1  BANK0       1
                cstackCOMMON                   000070  00000E  00007E        70       1  COMMON      1
                cinit                          0006C1  00000C  0006CD       D82       0  CODE        2
                text132                        0006CD  000014  0006E1       D9A       0  CODE        2
                text129                        0006E1  000026  000707       DC2       0  CODE        2
                text131                        000707  00002D  000734       E0E       0  CODE        2
                text130                        000734  00002E  000762       E68       0  CODE        2
                maintext                       000762  00009E  000800       EC4       0  CODE        2


UNUSED ADDRESS RANGES

        Name                Unused          Largest block    Delta
        BANK0            0022-006F             4E           1
        BANK1            00A0-00EF             50           1
        BANK2            0110-016F             60           1
        BANK3            0190-01EF             60           1
        CODE             001C-06C0            6A5           2
                         0800-1FFF            800
        CONFIG           2007-2008              2           2
        CONST            001C-06C0            100           2
                         0800-1FFF            100
        EEDATA           2100-21FF            100           2
        ENTRY            001C-06C0            100           2
                         0800-1FFF            100
        IDLOC            2000-2003              4           2
        RAM              0022-006F             4E           1
                         00A0-00EF             50
                         0110-016F             60
                         0190-01EF             60
        SFR0             0000-001F             20           1
        SFR1             0080-009F             20           1
        SFR2             0100-010F             10           1
        SFR3             0180-018F             10           1
        STRCODE          001C-06C0            6A5           2
                         0800-1FFF           1800
        STRING           001C-06C0            100           2
                         0800-1FFF            100

                                  Symbol Table

??_adc                cstackCOMMON 0072
??_delay              cstackCOMMON 0072
??_lcd_cmd            cstackCOMMON 0074
??_main               cstackCOMMON 0077
??_print              cstackCOMMON 0075
?_adc                 cstackCOMMON 0070
?_delay               cstackCOMMON 0070
?_lcd_cmd             cstackCOMMON 0072
?_main                cstackCOMMON 0070
?_print               cstackCOMMON 0070
_ADCON0               (abs)        001F
_ADCON1               (abs)        009F
_ADRESH               (abs)        001E
_ADRESL               (abs)        009E
_ANSEL                (abs)        0188
_ANSELH               (abs)        0189
_DV                   bssBANK0     0020
_PORTA                (abs)        0005
_PORTC                (abs)        0007
_PORTD                (abs)        0008
_PORTE                (abs)        0009
_RC0                  (abs)        0038
_RE0                  (abs)        0048
_RE1                  (abs)        0049
_RE2                  (abs)        004A
_TRISA                (abs)        0085
_TRISC                (abs)        0087
_TRISD                (abs)        0088
_TRISE                (abs)        0089
__Habs1               abs1         0000
__Hbank0              bank0        0000
__Hbank1              bank1        0000
__Hbank2              bank2        0000
__Hbank3              bank3        0000
__HbssBANK0           bssBANK0     0000
__HbssCOMMON          bssCOMMON    0000
__Hcinit              cinit        0000
__Hclrtext            clrtext      0000
__Hcode               code         0000
__Hcommon             common       0000
__Hconfig             config       0000
__HcstackCOMMON       cstackCOMMON 0000
__Heeprom_data        eeprom_data  0000
__Hend_init           end_init     0003
__Hfunctab            functab      0000
__Hidloc              idloc        0000
__Hinit               init         0000
__Hintentry           intentry     0000
__Hmaintext           maintext     0000
__Hpowerup            powerup      0000
__Hram                ram          0000
__Hreset_vec          reset_vec    0000
__Hsfr0               sfr0         0000
__Hsfr1               sfr1         0000
__Hsfr2               sfr2         0000
__Hsfr3               sfr3         0000
__Hstrings            strings      0000
__Htext               text         0000
__Labs1               abs1         0000
__Lbank0              bank0        0000
__Lbank1              bank1        0000
__Lbank2              bank2        0000
__Lbank3              bank3        0000
__LbssBANK0           bssBANK0     0000
__LbssCOMMON          bssCOMMON    0000
__Lcinit              cinit        0000
__Lclrtext            clrtext      0000
__Lcode               code         0000
__Lcommon             common       0000
__Lconfig             config       0000
__LcstackCOMMON       cstackCOMMON 0000
__Leeprom_data        eeprom_data  0000
__Lend_init           end_init     0000
__Lfunctab            functab      0000
__Lidloc              idloc        0000
__Linit               init         0000
__Lintentry           intentry     0000
__Lmaintext           maintext     0000
__Lpowerup            powerup      0000
__Lram                ram          0000
__Lreset_vec          reset_vec    0000
__Lsfr0               sfr0         0000
__Lsfr1               sfr1         0000
__Lsfr2               sfr2         0000
__Lsfr3               sfr3         0000
__Lstrings            strings      0000
__Ltext               text         0000
__S0                  (abs)        0800
__S1                  (abs)        007E
__S2                  (abs)        0000
__end_of_adc          text131      0734
__end_of_delay        text132      06E1
__end_of_lcd_cmd      text130      0762
__end_of_main         maintext     0800
__end_of_print        text129      0707
__pbssBANK0           bssBANK0     0020
__pbssCOMMON          bssCOMMON    0078
__pcstackCOMMON       cstackCOMMON 0070
__pmaintext           maintext     0762
__pstrings            strings      0003
__ptext128            text128      0000
__ptext129            text129      06E1
__ptext130            text130      0734
__ptext131            text131      0707
__ptext132            text132      06CD
__ptext133            text133      0000
__size_of_adc         (abs)        0000
__size_of_delay       (abs)        0000
__size_of_lcd_cmd     (abs)        0000
__size_of_main        (abs)        0000
__size_of_print       (abs)        0000
_adc                  text131      0707
_delay                text132      06CD
_exit                 init         0000
_high                 bssCOMMON    0078
_lcd_cmd              text130      0734
_low                  bssCOMMON    007A
_main                 maintext     0762
_out                  bssCOMMON    007C
_print                text129      06E1
btemp                 (abs)        007E
delay@ms              cstackCOMMON 0070
end_of_initialization cinit        06C9
intlevel0             functab      0000
intlevel1             functab      0000
intlevel2             functab      0000
intlevel3             functab      0000
intlevel4             functab      0000
intlevel5             functab      0000
lcd_cmd@a             cstackCOMMON 0074
lcd_cmd@b             cstackCOMMON 0072
lcd_cmd@c             cstackCOMMON 0073
print@p               cstackCOMMON 0076
reset_vec             reset_vec    0000
start                 init         0000
start_initialization  cinit        06C1
wtemp0                (abs)        007E
