HI-TECH Software C Compiler 

Linker command line:

--edf=C:\Program Files\HI-TECH Software\PICC\9.81\dat\en_msgs.txt -cs \
  -h+PWM.sym -z -Q16F887 -ol.obj -MPWM.map -E1 -ACONST=00h-0FFhx32 \
  -ACODE=00h-07FFhx4 -ASTRCODE=00h-01FFFh -AENTRY=00h-0FFhx32 \
  -ASTRING=00h-0FFhx32 -ABANK0=020h-06Fh -ABANK1=0A0h-0EFh \
  -ABANK2=0110h-016Fh -ABANK3=0190h-01EFh \
  -ARAM=020h-06Fh,0A0h-0EFh,0110h-016Fh,0190h-01EFh \
  -AABS1=020h-07Fh,0A0h-0EFh,0110h-016Fh,0190h-01EFh -ACOMMON=070h-07Fh \
  -ASFR0=00h-01Fh -ASFR1=080h-09Fh -ASFR2=0100h-010Fh -ASFR3=0180h-018Fh \
  -preset_vec=00h,intentry,init,end_init -ppowerup=CODE -pfunctab=CODE \
  -ACONFIG=02007h-02008h -pconfig=CONFIG -DCONFIG=2 -AIDLOC=02000h-02003h \
  -pidloc=IDLOC -DIDLOC=2 -AEEDATA=00h-0FFh/02100h -peeprom_data=EEDATA \
  -DEEDATA=2 -DCODE=2 -DSTRCODE=2 -DSTRING=2 -DCONST=2 -DENTRY=2 -k \
  startup.obj PWM.obj 

Object code version is 3.10

Machine type is 16F887



                Name                               Link     Load   Length Selector   Space Scale
startup.obj     end_init                              0        0        3        0       0
PWM.obj         text68                              767      767       14      ECE       0
                text67                              7B1      7B1       4F      F62       0
                maintext                            77B      77B       36      EF6       0
                cstackCOMMON                         70       70        7       70       1
                cinit                               763      763        4      EC6       0
                nvCOMMON                             77       77        6       70       1

TOTAL           Name                               Link     Load   Length     Space
        CLASS   CONST          

        CLASS   CODE           
                end_init                              0        0        3         0
                text68                              767      767       14         0
                text67                              7B1      7B1       4F         0
                maintext                            77B      77B       36         0
                cinit                               763      763        4         0

        CLASS   STRCODE        

        CLASS   ENTRY          

        CLASS   STRING         

        CLASS   BANK0          

        CLASS   BANK1          

        CLASS   BANK2          

        CLASS   BANK3          

        CLASS   RAM            

        CLASS   ABS1           
                abs_s1                               7E       7E        2         1

        CLASS   COMMON         
                cstackCOMMON                         70       70        7         1
                nvCOMMON                             77       77        6         1

        CLASS   SFR0           

        CLASS   SFR1           

        CLASS   SFR2           

        CLASS   SFR3           

        CLASS   CONFIG         

        CLASS   IDLOC          

        CLASS   EEDATA         



SEGMENTS        Name                           Load    Length   Top    Selector   Space  Class     Delta

                reset_vec                      000000  000003  000003         0       0  CODE        2
                cstackCOMMON                   000070  00000D  00007D        70       1  COMMON      1
                cinit                          000763  000004  000767       EC6       0  CODE        2
                text68                         000767  000014  00077B       ECE       0  CODE        2
                maintext                       00077B  000036  0007B1       EF6       0  CODE        2
                text67                         0007B1  00004F  000800       F62       0  CODE        2


UNUSED ADDRESS RANGES

        Name                Unused          Largest block    Delta
        BANK0            0020-006F             50           1
        BANK1            00A0-00EF             50           1
        BANK2            0110-016F             60           1
        BANK3            0190-01EF             60           1
        CODE             0003-0762            760           2
                         0800-1FFF            800
        COMMON           007D-007D              1           1
        CONFIG           2007-2008              2           2
        CONST            0003-0762            100           2
                         0800-1FFF            100
        EEDATA           2100-21FF            100           2
        ENTRY            0003-0762            100           2
                         0800-1FFF            100
        IDLOC            2000-2003              4           2
        RAM              0020-006F             50           1
                         00A0-00EF             50
                         0110-016F             60
                         0190-01EF             60
        SFR0             0000-001F             20           1
        SFR1             0080-009F             20           1
        SFR2             0100-010F             10           1
        SFR3             0180-018F             10           1
        STRCODE          0003-0762            760           2
                         0800-1FFF           1800
        STRING           0003-0762            100           2
                         0800-1FFF            100

                                  Symbol Table

??_adc                cstackCOMMON 0073
??_delay              cstackCOMMON 0072
??_main               cstackCOMMON 0076
?_adc                 cstackCOMMON 0072
?_delay               cstackCOMMON 0070
?_main                cstackCOMMON 0070
_ADCON0               (abs)        001F
_ADCON1               (abs)        009F
_ADRESH               (abs)        001E
_ADRESL               (abs)        009E
_ANSEL                (abs)        0188
_ANSELH               (abs)        0189
_CCP1CON              (abs)        0017
_CCPR1L               (abs)        0015
_DV                   nvCOMMON     0077
_PORTA                (abs)        0005
_PORTC                (abs)        0007
_PORTD                (abs)        0008
_T2CON                (abs)        0012
_TRISA                (abs)        0085
_TRISC                (abs)        0087
_TRISD                (abs)        0088
__Habs1               abs1         0000
__Hbank0              bank0        0000
__Hbank1              bank1        0000
__Hbank2              bank2        0000
__Hbank3              bank3        0000
__Hcinit              cinit        0000
__Hclrtext            clrtext      0000
__Hcode               code         0000
__Hcommon             common       0000
__Hconfig             config       0000
__HcstackCOMMON       cstackCOMMON 0000
__Heeprom_data        eeprom_data  0000
__Hend_init           end_init     0003
__Hfunctab            functab      0000
__Hidloc              idloc        0000
__Hinit               init         0000
__Hintentry           intentry     0000
__Hmaintext           maintext     0000
__HnvCOMMON           nvCOMMON     0000
__Hpowerup            powerup      0000
__Hram                ram          0000
__Hreset_vec          reset_vec    0000
__Hsfr0               sfr0         0000
__Hsfr1               sfr1         0000
__Hsfr2               sfr2         0000
__Hsfr3               sfr3         0000
__Hstrings            strings      0000
__Htext               text         0000
__Labs1               abs1         0000
__Lbank0              bank0        0000
__Lbank1              bank1        0000
__Lbank2              bank2        0000
__Lbank3              bank3        0000
__Lcinit              cinit        0000
__Lclrtext            clrtext      0000
__Lcode               code         0000
__Lcommon             common       0000
__Lconfig             config       0000
__LcstackCOMMON       cstackCOMMON 0000
__Leeprom_data        eeprom_data  0000
__Lend_init           end_init     0000
__Lfunctab            functab      0000
__Lidloc              idloc        0000
__Linit               init         0000
__Lintentry           intentry     0000
__Lmaintext           maintext     0000
__LnvCOMMON           nvCOMMON     0000
__Lpowerup            powerup      0000
__Lram                ram          0000
__Lreset_vec          reset_vec    0000
__Lsfr0               sfr0         0000
__Lsfr1               sfr1         0000
__Lsfr2               sfr2         0000
__Lsfr3               sfr3         0000
__Lstrings            strings      0000
__Ltext               text         0000
__S0                  (abs)        0800
__S1                  (abs)        007D
__S2                  (abs)        0000
__end_of_adc          text67       0800
__end_of_delay        text68       077B
__end_of_main         maintext     07B1
__pcstackCOMMON       cstackCOMMON 0070
__pmaintext           maintext     077B
__pnvCOMMON           nvCOMMON     0077
__ptext67             text67       07B1
__ptext68             text68       0767
__ptext69             text69       0000
__size_of_adc         (abs)        0000
__size_of_delay       (abs)        0000
__size_of_main        (abs)        0000
_adc                  text67       07B1
_delay                text68       0767
_exit                 init         0000
_high                 nvCOMMON     0079
_low                  nvCOMMON     007B
_main                 maintext     077B
adc@a                 cstackCOMMON 0075
adc@b                 cstackCOMMON 0072
btemp                 (abs)        007E
delay@ms              cstackCOMMON 0070
end_of_initialization cinit        0763
intlevel0             functab      0000
intlevel1             functab      0000
intlevel2             functab      0000
intlevel3             functab      0000
intlevel4             functab      0000
intlevel5             functab      0000
reset_vec             reset_vec    0000
start                 init         0000
start_initialization  cinit        0763
wtemp0                (abs)        007E
