HI-TECH Software C Compiler 

Linker command line:

--edf=C:\Program Files\HI-TECH Software\PICC\9.81\dat\en_msgs.txt -cs \
  -h+5_ADC_with_5_motor.sym -z -Q16F887 -ol.obj -M5_ADC_with_5_motor.map \
  -E1 -ACONST=00h-0FFhx32 -ACODE=00h-07FFhx4 -ASTRCODE=00h-01FFFh \
  -AENTRY=00h-0FFhx32 -ASTRING=00h-0FFhx32 -ABANK0=020h-06Fh \
  -ABANK1=0A0h-0EFh -ABANK2=0110h-016Fh -ABANK3=0190h-01EFh \
  -ARAM=020h-06Fh,0A0h-0EFh,0110h-016Fh,0190h-01EFh \
  -AABS1=020h-07Fh,0A0h-0EFh,0110h-016Fh,0190h-01EFh -ACOMMON=070h-07Fh \
  -ASFR0=00h-01Fh -ASFR1=080h-09Fh -ASFR2=0100h-010Fh -ASFR3=0180h-018Fh \
  -preset_vec=00h,intentry,init,end_init -ppowerup=CODE -pfunctab=CODE \
  -ACONFIG=02007h-02008h -pconfig=CONFIG -DCONFIG=2 -AIDLOC=02000h-02003h \
  -pidloc=IDLOC -DIDLOC=2 -AEEDATA=00h-0FFh/02100h -peeprom_data=EEDATA \
  -DEEDATA=2 -DCODE=2 -DSTRCODE=2 -DSTRING=2 -DCONST=2 -DENTRY=2 -k \
  startup.obj 5_ADC_with_5_motor.obj 

Object code version is 3.10

Machine type is 16F887



                Name                               Link     Load   Length Selector   Space Scale
startup.obj     end_init                              0        0        3        0       0
5_ADC_with_5_motor.obj
                text147                             38E      38E       14      71C       0
                text146                             436      436       74      86C       0
                text145                             3D0      3D0       66      7A0       0
                text144                             3A2      3A2       2E      744       0
                text143                             4AA      4AA       FC      954       0
                maintext                            5A6      5A6      25A      B4C       0
                cstackBANK0                          3C       3C        2       20       1
                cstackCOMMON                         70       70        E       70       1
                clrtext                             379      379        8      6F2       0
                bssBANK0                             20       20       1C       20       1
                cinit                               381      381        D      702       0

TOTAL           Name                               Link     Load   Length     Space
        CLASS   CONST          

        CLASS   CODE           
                end_init                              0        0        3         0
                text147                             38E      38E       14         0
                text146                             436      436       74         0
                text145                             3D0      3D0       66         0
                text144                             3A2      3A2       2E         0
                text143                             4AA      4AA       FC         0
                maintext                            5A6      5A6      25A         0
                clrtext                             379      379        8         0
                cinit                               381      381        D         0

        CLASS   STRCODE        

        CLASS   ENTRY          

        CLASS   STRING         

        CLASS   BANK0          
                cstackBANK0                          3C       3C        2         1
                bssBANK0                             20       20       1C         1

        CLASS   BANK1          

        CLASS   BANK2          

        CLASS   BANK3          

        CLASS   RAM            

        CLASS   ABS1           
                abs_s1                               7E       7E        2         1

        CLASS   COMMON         
                cstackCOMMON                         70       70        E         1

        CLASS   SFR0           

        CLASS   SFR1           

        CLASS   SFR2           

        CLASS   SFR3           

        CLASS   CONFIG         

        CLASS   IDLOC          

        CLASS   EEDATA         



SEGMENTS        Name                           Load    Length   Top    Selector   Space  Class     Delta

                reset_vec                      000000  000003  000003         0       0  CODE        2
                bssBANK0                       000020  00001E  00003E        20       1  BANK0       1
                cstackCOMMON                   000070  00000E  00007E        70       1  COMMON      1
                clrtext                        000379  000008  000381       6F2       0  CODE        2
                cinit                          000381  00000D  00038E       702       0  CODE        2
                text147                        00038E  000014  0003A2       71C       0  CODE        2
                text144                        0003A2  00002E  0003D0       744       0  CODE        2
                text145                        0003D0  000066  000436       7A0       0  CODE        2
                text146                        000436  000074  0004AA       86C       0  CODE        2
                text143                        0004AA  0000FC  0005A6       954       0  CODE        2
                maintext                       0005A6  00025A  000800       B4C       0  CODE        2


UNUSED ADDRESS RANGES

        Name                Unused          Largest block    Delta
        BANK0            003E-006F             32           1
        BANK1            00A0-00EF             50           1
        BANK2            0110-016F             60           1
        BANK3            0190-01EF             60           1
        CODE             0003-0378            376           2
                         0800-1FFF            800
        CONFIG           2007-2008              2           2
        CONST            0003-0378            100           2
                         0800-1FFF            100
        EEDATA           2100-21FF            100           2
        ENTRY            0003-0378            100           2
                         0800-1FFF            100
        IDLOC            2000-2003              4           2
        RAM              003E-006F             32           1
                         00A0-00EF             50
                         0110-016F             60
                         0190-01EF             60
        SFR0             0000-001F             20           1
        SFR1             0080-009F             20           1
        SFR2             0100-010F             10           1
        SFR3             0180-018F             10           1
        STRCODE          0003-0378            376           2
                         0800-1FFF           1800
        STRING           0003-0378            100           2
                         0800-1FFF            100

                                  Symbol Table

??___awdiv            cstackCOMMON 0074
??___awmod            cstackCOMMON 0074
??_adc                cstackBANK0  003C
??_delay              cstackCOMMON 0072
??_lcd_cmd            cstackCOMMON 0074
??_main               cstackCOMMON 007D
?___awdiv             cstackCOMMON 0070
?___awmod             cstackCOMMON 0070
?_adc                 cstackCOMMON 0079
?_delay               cstackCOMMON 0070
?_lcd_cmd             cstackCOMMON 0072
?_main                cstackCOMMON 0070
_ADCON0               (abs)        001F
_ADCON1               (abs)        009F
_ADRESH               (abs)        001E
_ADRESL               (abs)        009E
_ANSEL                (abs)        0188
_ANSELH               (abs)        0189
_DV                   bssBANK0     0020
_DV1                  bssBANK0     0022
_DV2                  bssBANK0     0024
_DV3                  bssBANK0     0026
_DV4                  bssBANK0     0028
_DV5                  bssBANK0     002A
_H                    bssBANK0     002C
_L                    bssBANK0     002E
_PORTA                (abs)        0005
_PORTB                (abs)        0006
_PORTC                (abs)        0007
_PORTD                (abs)        0008
_PORTE                (abs)        0009
_RC0                  (abs)        0038
_RC1                  (abs)        0039
_RC2                  (abs)        003A
_RC3                  (abs)        003B
_RE0                  (abs)        0048
_RE1                  (abs)        0049
_RE2                  (abs)        004A
_TRISA                (abs)        0085
_TRISB                (abs)        0086
_TRISC                (abs)        0087
_TRISD                (abs)        0088
_TRISE                (abs)        0089
__Habs1               abs1         0000
__Hbank0              bank0        0000
__Hbank1              bank1        0000
__Hbank2              bank2        0000
__Hbank3              bank3        0000
__HbssBANK0           bssBANK0     0000
__Hcinit              cinit        0000
__Hclrtext            clrtext      0000
__Hcode               code         0000
__Hcommon             common       0000
__Hconfig             config       0000
__HcstackBANK0        cstackBANK0  0000
__HcstackCOMMON       cstackCOMMON 0000
__Heeprom_data        eeprom_data  0000
__Hend_init           end_init     0003
__Hfunctab            functab      0000
__Hidloc              idloc        0000
__Hinit               init         0000
__Hintentry           intentry     0000
__Hmaintext           maintext     0000
__Hpowerup            powerup      0000
__Hram                ram          0000
__Hreset_vec          reset_vec    0000
__Hsfr0               sfr0         0000
__Hsfr1               sfr1         0000
__Hsfr2               sfr2         0000
__Hsfr3               sfr3         0000
__Hstrings            strings      0000
__Htext               text         0000
__Labs1               abs1         0000
__Lbank0              bank0        0000
__Lbank1              bank1        0000
__Lbank2              bank2        0000
__Lbank3              bank3        0000
__LbssBANK0           bssBANK0     0000
__Lcinit              cinit        0000
__Lclrtext            clrtext      0000
__Lcode               code         0000
__Lcommon             common       0000
__Lconfig             config       0000
__LcstackBANK0        cstackBANK0  0000
__LcstackCOMMON       cstackCOMMON 0000
__Leeprom_data        eeprom_data  0000
__Lend_init           end_init     0000
__Lfunctab            functab      0000
__Lidloc              idloc        0000
__Linit               init         0000
__Lintentry           intentry     0000
__Lmaintext           maintext     0000
__Lpowerup            powerup      0000
__Lram                ram          0000
__Lreset_vec          reset_vec    0000
__Lsfr0               sfr0         0000
__Lsfr1               sfr1         0000
__Lsfr2               sfr2         0000
__Lsfr3               sfr3         0000
__Lstrings            strings      0000
__Ltext               text         0000
__S0                  (abs)        0800
__S1                  (abs)        007E
__S2                  (abs)        0000
___awdiv              text146      0436
___awdiv@counter      cstackCOMMON 0075
___awdiv@dividend     cstackCOMMON 0072
___awdiv@divisor      cstackCOMMON 0070
___awdiv@quotient     cstackCOMMON 0077
___awdiv@sign         cstackCOMMON 0076
___awmod              text145      03D0
___awmod@counter      cstackCOMMON 0075
___awmod@dividend     cstackCOMMON 0072
___awmod@divisor      cstackCOMMON 0070
___awmod@sign         cstackCOMMON 0076
__end_of___awdiv      text146      04AA
__end_of___awmod      text145      0436
__end_of_adc          text143      05A6
__end_of_delay        text147      03A2
__end_of_lcd_cmd      text144      03D0
__end_of_main         maintext     0800
__pbssBANK0           bssBANK0     0020
__pcstackBANK0        cstackBANK0  003C
__pcstackCOMMON       cstackCOMMON 0070
__pmaintext           maintext     05A6
__ptext142            text142      0000
__ptext143            text143      04AA
__ptext144            text144      03A2
__ptext145            text145      03D0
__ptext146            text146      0436
__ptext147            text147      038E
__ptext148            text148      0000
__size_of___awdiv     (abs)        0000
__size_of___awmod     (abs)        0000
__size_of_adc         (abs)        0000
__size_of_delay       (abs)        0000
__size_of_lcd_cmd     (abs)        0000
__size_of_main        (abs)        0000
_a                    bssBANK0     0030
_adc                  text143      04AA
_b                    bssBANK0     0032
_c                    bssBANK0     0034
_d                    bssBANK0     0036
_delay                text147      038E
_e                    bssBANK0     0038
_exit                 init         0000
_f                    bssBANK0     003A
_lcd_cmd              text144      03A2
_main                 maintext     05A6
adc@i                 cstackCOMMON 0079
adc@j                 cstackCOMMON 007B
btemp                 (abs)        007E
clear_ram             clrtext      0379
delay@ms              cstackCOMMON 0070
end_of_initialization cinit        038A
intlevel0             functab      0000
intlevel1             functab      0000
intlevel2             functab      0000
intlevel3             functab      0000
intlevel4             functab      0000
intlevel5             functab      0000
lcd_cmd@a             cstackCOMMON 0074
lcd_cmd@b             cstackCOMMON 0072
lcd_cmd@c             cstackCOMMON 0073
reset_vec             reset_vec    0000
start                 init         0000
start_initialization  cinit        0381
wtemp0                (abs)        007E
