HI-TECH Software C Compiler 

Linker command line:

--edf=C:\Program Files\HI-TECH Software\PICC\9.81\dat\en_msgs.txt -cs \
  -h+Internal_EEPROM.sym -z -Q16F887 -ol.obj -MInternal_EEPROM.map -E1 \
  -ACONST=00h-0FFhx32 -ACODE=00h-07FFhx4 -ASTRCODE=00h-01FFFh \
  -AENTRY=00h-0FFhx32 -ASTRING=00h-0FFhx32 -ABANK0=020h-06Fh \
  -ABANK1=0A0h-0EFh -ABANK2=0110h-016Fh -ABANK3=0190h-01EFh \
  -ARAM=020h-06Fh,0A0h-0EFh,0110h-016Fh,0190h-01EFh \
  -AABS1=020h-07Fh,0A0h-0EFh,0110h-016Fh,0190h-01EFh -ACOMMON=070h-07Fh \
  -ASFR0=00h-01Fh -ASFR1=080h-09Fh -ASFR2=0100h-010Fh -ASFR3=0180h-018Fh \
  -preset_vec=00h,intentry,init,end_init -ppowerup=CODE -pfunctab=CODE \
  -ACONFIG=02007h-02008h -pconfig=CONFIG -DCONFIG=2 -AIDLOC=02000h-02003h \
  -pidloc=IDLOC -DIDLOC=2 -AEEDATA=00h-0FFh/02100h -peeprom_data=EEDATA \
  -DEEDATA=2 -DCODE=2 -DSTRCODE=2 -DSTRING=2 -DCONST=2 -DENTRY=2 -k \
  startup.obj Internal_EEPROM.obj 

Object code version is 3.10

Machine type is 16F887



                Name                               Link     Load   Length Selector   Space Scale
startup.obj     end_init                              0        0        3        0       0
Internal_EEPROM.obj
                text75                              75C      75C       1F      EB8       0
                text74                              77B      77B       31      EF6       0
                maintext                            7AC      7AC       54      F58       0
                cstackCOMMON                         70       70        5       70       1
                inittext                            725      725       11      E4A       0
                dataBANK0                            20       20       14       20       1
                cinit                               736      736       12      E6C       0
                nvCOMMON                             75       75        2       70       1
                idataBANK0                          748      748       14      E90       0

TOTAL           Name                               Link     Load   Length     Space
        CLASS   CONST          

        CLASS   CODE           
                end_init                              0        0        3         0
                text75                              75C      75C       1F         0
                text74                              77B      77B       31         0
                maintext                            7AC      7AC       54         0
                inittext                            725      725       11         0
                cinit                               736      736       12         0
                idataBANK0                          748      748       14         0

        CLASS   STRCODE        

        CLASS   ENTRY          

        CLASS   STRING         

        CLASS   BANK0          
                dataBANK0                            20       20       14         1

        CLASS   BANK1          

        CLASS   BANK2          

        CLASS   BANK3          

        CLASS   RAM            

        CLASS   ABS1           
                abs_s1                               7E       7E        2         1

        CLASS   COMMON         
                cstackCOMMON                         70       70        5         1
                nvCOMMON                             75       75        2         1

        CLASS   SFR0           

        CLASS   SFR1           

        CLASS   SFR2           

        CLASS   SFR3           

        CLASS   CONFIG         

        CLASS   IDLOC          

        CLASS   EEDATA         



SEGMENTS        Name                           Load    Length   Top    Selector   Space  Class     Delta

                reset_vec                      000000  000003  000003         0       0  CODE        2
                dataBANK0                      000020  000014  000034        20       1  BANK0       1
                cstackCOMMON                   000070  000007  000077        70       1  COMMON      1
                inittext                       000725  000011  000736       E4A       0  CODE        2
                cinit                          000736  000012  000748       E6C       0  CODE        2
                idataBANK0                     000748  000014  00075C       E90       0  CODE        2
                text75                         00075C  00001F  00077B       EB8       0  CODE        2
                text74                         00077B  000031  0007AC       EF6       0  CODE        2
                maintext                       0007AC  000054  000800       F58       0  CODE        2


UNUSED ADDRESS RANGES

        Name                Unused          Largest block    Delta
        BANK0            0034-006F             3C           1
        BANK1            00A0-00EF             50           1
        BANK2            0110-016F             60           1
        BANK3            0190-01EF             60           1
        CODE             0003-0724            722           2
                         0800-1FFF            800
        COMMON           0077-007D              7           1
        CONFIG           2007-2008              2           2
        CONST            0003-0724            100           2
                         0800-1FFF            100
        EEDATA           2100-21FF            100           2
        ENTRY            0003-0724            100           2
                         0800-1FFF            100
        IDLOC            2000-2003              4           2
        RAM              0034-006F             3C           1
                         00A0-00EF             50
                         0110-016F             60
                         0190-01EF             60
        SFR0             0000-001F             20           1
        SFR1             0080-009F             20           1
        SFR2             0100-010F             10           1
        SFR3             0180-018F             10           1
        STRCODE          0003-0724            722           2
                         0800-1FFF           1800
        STRING           0003-0724            100           2
                         0800-1FFF            100

                                  Symbol Table

??_eeprom_read         cstackCOMMON 0070
??_eeprom_write        cstackCOMMON 0071
??_main                cstackCOMMON 0073
?_eeprom_read          cstackCOMMON 0070
?_eeprom_write         cstackCOMMON 0070
?_main                 cstackCOMMON 0070
_CARRY                 (abs)        0018
_EEADR                 (abs)        010D
_EECON1                (abs)        018C
_EECON2                (abs)        018D
_EEDATA                (abs)        010C
_GIE                   (abs)        005F
_PORTC                 (abs)        0007
_PORTD                 (abs)        0008
_RC0                   (abs)        0038
_RD                    (abs)        0C60
_TRISC                 (abs)        0087
_TRISD                 (abs)        0088
_WR                    (abs)        0C61
_WREN                  (abs)        0C62
__Habs1                abs1         0000
__Hbank0               bank0        0000
__Hbank1               bank1        0000
__Hbank2               bank2        0000
__Hbank3               bank3        0000
__Hcinit               cinit        0000
__Hclrtext             clrtext      0000
__Hcode                code         0000
__Hcommon              common       0000
__Hconfig              config       0000
__HcstackCOMMON        cstackCOMMON 0000
__HdataBANK0           dataBANK0    0000
__Heeprom_data         eeprom_data  0000
__Hend_init            end_init     0003
__Hfunctab             functab      0000
__HidataBANK0          idataBANK0   0000
__Hidloc               idloc        0000
__Hinit                init         0000
__Hinittext            inittext     0000
__Hintentry            intentry     0000
__Hmaintext            maintext     0000
__HnvCOMMON            nvCOMMON     0000
__Hpowerup             powerup      0000
__Hram                 ram          0000
__Hreset_vec           reset_vec    0000
__Hsfr0                sfr0         0000
__Hsfr1                sfr1         0000
__Hsfr2                sfr2         0000
__Hsfr3                sfr3         0000
__Hstrings             strings      0000
__Htext                text         0000
__Labs1                abs1         0000
__Lbank0               bank0        0000
__Lbank1               bank1        0000
__Lbank2               bank2        0000
__Lbank3               bank3        0000
__Lcinit               cinit        0000
__Lclrtext             clrtext      0000
__Lcode                code         0000
__Lcommon              common       0000
__Lconfig              config       0000
__LcstackCOMMON        cstackCOMMON 0000
__LdataBANK0           dataBANK0    0000
__Leeprom_data         eeprom_data  0000
__Lend_init            end_init     0000
__Lfunctab             functab      0000
__LidataBANK0          idataBANK0   0000
__Lidloc               idloc        0000
__Linit                init         0000
__Linittext            inittext     0000
__Lintentry            intentry     0000
__Lmaintext            maintext     0000
__LnvCOMMON            nvCOMMON     0000
__Lpowerup             powerup      0000
__Lram                 ram          0000
__Lreset_vec           reset_vec    0000
__Lsfr0                sfr0         0000
__Lsfr1                sfr1         0000
__Lsfr2                sfr2         0000
__Lsfr3                sfr3         0000
__Lstrings             strings      0000
__Ltext                text         0000
__S0                   (abs)        0800
__S1                   (abs)        0077
__S2                   (abs)        0000
__end_of_eeprom_read   text75       077B
__end_of_eeprom_write  text74       07AC
__end_of_main          maintext     0800
__pcstackCOMMON        cstackCOMMON 0070
__pdataBANK0           dataBANK0    0020
__pidataBANK0          idataBANK0   0748
__pmaintext            maintext     07AC
__pnvCOMMON            nvCOMMON     0075
__ptext74              text74       077B
__ptext75              text75       075C
__ptext76              text76       0000
__size_of_eeprom_read  (abs)        0000
__size_of_eeprom_write (abs)        0000
__size_of_main         (abs)        0000
_eeprom_read           text75       075C
_eeprom_write          text74       077B
_exit                  init         0000
_i                     nvCOMMON     0075
_main                  maintext     07AC
_seg                   dataBANK0    0020
btemp                  (abs)        007E
eeprom_read@addr       cstackCOMMON 0071
eeprom_write@addr      cstackCOMMON 0072
eeprom_write@value     cstackCOMMON 0070
end_of_initialization  cinit        0744
init_fetch             inittext     0725
init_ram               inittext     0729
intlevel0              functab      0000
intlevel1              functab      0000
intlevel2              functab      0000
intlevel3              functab      0000
intlevel4              functab      0000
intlevel5              functab      0000
reset_vec              reset_vec    0000
start                  init         0000
start_initialization   cinit        0736
wtemp0                 (abs)        007E
