HI-TECH Software C Compiler 

Linker command line:

--edf=C:\Program Files\HI-TECH Software\PICC\9.81\dat\en_msgs.txt -cs \
  -h+lcd_mobile.sym -z -Q16F887 -ol.obj -Mlcd_mobile.map -E1 \
  -ACONST=00h-0FFhx32 -ACODE=00h-07FFhx4 -ASTRCODE=00h-01FFFh \
  -AENTRY=00h-0FFhx32 -ASTRING=00h-0FFhx32 -ABANK0=020h-06Fh \
  -ABANK1=0A0h-0EFh -ABANK2=0110h-016Fh -ABANK3=0190h-01EFh \
  -ARAM=020h-06Fh,0A0h-0EFh,0110h-016Fh,0190h-01EFh \
  -AABS1=020h-07Fh,0A0h-0EFh,0110h-016Fh,0190h-01EFh -ACOMMON=070h-07Fh \
  -ASFR0=00h-01Fh -ASFR1=080h-09Fh -ASFR2=0100h-010Fh -ASFR3=0180h-018Fh \
  -preset_vec=00h,intentry,init,end_init -ppowerup=CODE -pfunctab=CODE \
  -ACONFIG=02007h-02008h -pconfig=CONFIG -DCONFIG=2 -AIDLOC=02000h-02003h \
  -pidloc=IDLOC -DIDLOC=2 -AEEDATA=00h-0FFh/02100h -peeprom_data=EEDATA \
  -DEEDATA=2 -DCODE=2 -DSTRCODE=2 -DSTRING=2 -DCONST=2 -DENTRY=2 -k \
  startup.obj lcd_mobile.obj 

Object code version is 3.10

Machine type is 16F887



                Name                               Link     Load   Length Selector   Space Scale
startup.obj     end_init                              0        0        3        0       0
lcd_mobile.obj  text122                             49D      49D       14      93A       0
                text121                             55B      55B       74      AB6       0
                text120                             4F5      4F5       66      9EA       0
                text119                             4C7      4C7       2E      98E       0
                maintext                            5CF      5CF      231      B9E       0
                cstackCOMMON                         70       70        A       70       1
                bssBANK0                             20       20        E       20       1
                bssCOMMON                            7A       7A        4       70       1
                cinit                               4B1      4B1       16      962       0

TOTAL           Name                               Link     Load   Length     Space
        CLASS   CONST          

        CLASS   CODE           
                end_init                              0        0        3         0
                text122                             49D      49D       14         0
                text121                             55B      55B       74         0
                text120                             4F5      4F5       66         0
                text119                             4C7      4C7       2E         0
                maintext                            5CF      5CF      231         0
                cinit                               4B1      4B1       16         0

        CLASS   STRCODE        

        CLASS   ENTRY          

        CLASS   STRING         

        CLASS   BANK0          
                bssBANK0                             20       20        E         1

        CLASS   BANK1          

        CLASS   BANK2          

        CLASS   BANK3          

        CLASS   RAM            

        CLASS   ABS1           
                abs_s1                               7E       7E        2         1

        CLASS   COMMON         
                cstackCOMMON                         70       70        A         1
                bssCOMMON                            7A       7A        4         1

        CLASS   SFR0           

        CLASS   SFR1           

        CLASS   SFR2           

        CLASS   SFR3           

        CLASS   CONFIG         

        CLASS   IDLOC          

        CLASS   EEDATA         



SEGMENTS        Name                           Load    Length   Top    Selector   Space  Class     Delta

                reset_vec                      000000  000003  000003         0       0  CODE        2
                bssBANK0                       000020  00000E  00002E        20       1  BANK0       1
                cstackCOMMON                   000070  00000E  00007E        70       1  COMMON      1
                text122                        00049D  000014  0004B1       93A       0  CODE        2
                cinit                          0004B1  000016  0004C7       962       0  CODE        2
                text119                        0004C7  00002E  0004F5       98E       0  CODE        2
                text120                        0004F5  000066  00055B       9EA       0  CODE        2
                text121                        00055B  000074  0005CF       AB6       0  CODE        2
                maintext                       0005CF  000231  000800       B9E       0  CODE        2


UNUSED ADDRESS RANGES

        Name                Unused          Largest block    Delta
        BANK0            002E-006F             42           1
        BANK1            00A0-00EF             50           1
        BANK2            0110-016F             60           1
        BANK3            0190-01EF             60           1
        CODE             0003-049C            49A           2
                         0800-1FFF            800
        CONFIG           2007-2008              2           2
        CONST            0003-049C            100           2
                         0800-1FFF            100
        EEDATA           2100-21FF            100           2
        ENTRY            0003-049C            100           2
                         0800-1FFF            100
        IDLOC            2000-2003              4           2
        RAM              002E-006F             42           1
                         00A0-00EF             50
                         0110-016F             60
                         0190-01EF             60
        SFR0             0000-001F             20           1
        SFR1             0080-009F             20           1
        SFR2             0100-010F             10           1
        SFR3             0180-018F             10           1
        STRCODE          0003-049C            49A           2
                         0800-1FFF           1800
        STRING           0003-049C            100           2
                         0800-1FFF            100

                                  Symbol Table

??___awdiv            cstackCOMMON 0074
??___awmod            cstackCOMMON 0074
??_delay              cstackCOMMON 0072
??_lcd_cmd            cstackCOMMON 0074
??_main               cstackCOMMON 0079
?___awdiv             cstackCOMMON 0070
?___awmod             cstackCOMMON 0070
?_delay               cstackCOMMON 0070
?_lcd_cmd             cstackCOMMON 0072
?_main                cstackCOMMON 0070
_ANSEL                (abs)        0188
_ANSELH               (abs)        0189
_PORTA                (abs)        0005
_PORTD                (abs)        0008
_PORTE                (abs)        0009
_RA0                  (abs)        0028
_RA1                  (abs)        0029
_RA2                  (abs)        002A
_RA3                  (abs)        002B
_RA4                  (abs)        002C
_RA5                  (abs)        002D
_RA6                  (abs)        002E
_RE0                  (abs)        0048
_RE1                  (abs)        0049
_RE2                  (abs)        004A
_TRISA                (abs)        0085
_TRISD                (abs)        0088
_TRISE                (abs)        0089
__Habs1               abs1         0000
__Hbank0              bank0        0000
__Hbank1              bank1        0000
__Hbank2              bank2        0000
__Hbank3              bank3        0000
__HbssBANK0           bssBANK0     0000
__HbssCOMMON          bssCOMMON    0000
__Hcinit              cinit        0000
__Hclrtext            clrtext      0000
__Hcode               code         0000
__Hcommon             common       0000
__Hconfig             config       0000
__HcstackCOMMON       cstackCOMMON 0000
__Heeprom_data        eeprom_data  0000
__Hend_init           end_init     0003
__Hfunctab            functab      0000
__Hidloc              idloc        0000
__Hinit               init         0000
__Hintentry           intentry     0000
__Hmaintext           maintext     0000
__Hpowerup            powerup      0000
__Hram                ram          0000
__Hreset_vec          reset_vec    0000
__Hsfr0               sfr0         0000
__Hsfr1               sfr1         0000
__Hsfr2               sfr2         0000
__Hsfr3               sfr3         0000
__Hstrings            strings      0000
__Htext               text         0000
__Labs1               abs1         0000
__Lbank0              bank0        0000
__Lbank1              bank1        0000
__Lbank2              bank2        0000
__Lbank3              bank3        0000
__LbssBANK0           bssBANK0     0000
__LbssCOMMON          bssCOMMON    0000
__Lcinit              cinit        0000
__Lclrtext            clrtext      0000
__Lcode               code         0000
__Lcommon             common       0000
__Lconfig             config       0000
__LcstackCOMMON       cstackCOMMON 0000
__Leeprom_data        eeprom_data  0000
__Lend_init           end_init     0000
__Lfunctab            functab      0000
__Lidloc              idloc        0000
__Linit               init         0000
__Lintentry           intentry     0000
__Lmaintext           maintext     0000
__Lpowerup            powerup      0000
__Lram                ram          0000
__Lreset_vec          reset_vec    0000
__Lsfr0               sfr0         0000
__Lsfr1               sfr1         0000
__Lsfr2               sfr2         0000
__Lsfr3               sfr3         0000
__Lstrings            strings      0000
__Ltext               text         0000
__S0                  (abs)        0800
__S1                  (abs)        007E
__S2                  (abs)        0000
___awdiv              text121      055B
___awdiv@counter      cstackCOMMON 0075
___awdiv@dividend     cstackCOMMON 0072
___awdiv@divisor      cstackCOMMON 0070
___awdiv@quotient     cstackCOMMON 0077
___awdiv@sign         cstackCOMMON 0076
___awmod              text120      04F5
___awmod@counter      cstackCOMMON 0075
___awmod@dividend     cstackCOMMON 0072
___awmod@divisor      cstackCOMMON 0070
___awmod@sign         cstackCOMMON 0076
__end_of___awdiv      text121      05CF
__end_of___awmod      text120      055B
__end_of_delay        text122      04B1
__end_of_lcd_cmd      text119      04F5
__end_of_main         maintext     0800
__pbssBANK0           bssBANK0     0020
__pbssCOMMON          bssCOMMON    007A
__pcstackCOMMON       cstackCOMMON 0070
__pmaintext           maintext     05CF
__ptext118            text118      0000
__ptext119            text119      04C7
__ptext120            text120      04F5
__ptext121            text121      055B
__ptext122            text122      049D
__ptext123            text123      0000
__size_of___awdiv     (abs)        0000
__size_of___awmod     (abs)        0000
__size_of_delay       (abs)        0000
__size_of_lcd_cmd     (abs)        0000
__size_of_main        (abs)        0000
_a                    bssBANK0     002A
_b                    bssBANK0     002C
_d                    bssBANK0     0020
_delay                text122      049D
_exit                 init         0000
_i                    bssCOMMON    007A
_lcd_cmd              text119      04C7
_main                 maintext     05CF
_sum                  bssCOMMON    007C
btemp                 (abs)        007E
delay@a               cstackCOMMON 0070
end_of_initialization cinit        04C3
intlevel0             functab      0000
intlevel1             functab      0000
intlevel2             functab      0000
intlevel3             functab      0000
intlevel4             functab      0000
intlevel5             functab      0000
lcd_cmd@a             cstackCOMMON 0074
lcd_cmd@b             cstackCOMMON 0072
lcd_cmd@c             cstackCOMMON 0073
reset_vec             reset_vec    0000
start                 init         0000
start_initialization  cinit        04B1
wtemp0                (abs)        007E
