HI-TECH Software C Compiler 

Linker command line:

--edf=C:\Program Files\HI-TECH Software\PICC\9.81\dat\en_msgs.txt -cs \
  -h+time.sym -z -Q16F887 -ol.obj -Mtime.map -E1 -ACONST=00h-0FFhx32 \
  -ACODE=00h-07FFhx4 -ASTRCODE=00h-01FFFh -AENTRY=00h-0FFhx32 \
  -ASTRING=00h-0FFhx32 -ABANK0=020h-06Fh -ABANK1=0A0h-0EFh \
  -ABANK2=0110h-016Fh -ABANK3=0190h-01EFh \
  -ARAM=020h-06Fh,0A0h-0EFh,0110h-016Fh,0190h-01EFh \
  -AABS1=020h-07Fh,0A0h-0EFh,0110h-016Fh,0190h-01EFh -ACOMMON=070h-07Fh \
  -ASFR0=00h-01Fh -ASFR1=080h-09Fh -ASFR2=0100h-010Fh -ASFR3=0180h-018Fh \
  -preset_vec=00h,intentry,init,end_init -ppowerup=CODE -pfunctab=CODE \
  -ACONFIG=02007h-02008h -pconfig=CONFIG -DCONFIG=2 -AIDLOC=02000h-02003h \
  -pidloc=IDLOC -DIDLOC=2 -AEEDATA=00h-0FFh/02100h -peeprom_data=EEDATA \
  -DEEDATA=2 -DCODE=2 -DSTRCODE=2 -DSTRING=2 -DCONST=2 -DENTRY=2 -k \
  startup.obj time.obj 

Object code version is 3.10

Machine type is 16F887



                Name                               Link     Load   Length Selector   Space Scale
startup.obj     end_init                              0        0        3        0       0
time.obj        text286                             578      578       14      AF0       0
                text285                             554      554        9      AA8       0
                text284                             5A2      5A2       23      B44       0
                text283                             5C5      5C5       24      B8A       0
                text282                             55D      55D        9      ABA       0
                text281                             566      566        9      ACC       0
                text280                             58C      58C       16      B18       0
                text279                             56F      56F        9      ADE       0
                text278                             5E9      5E9       25      BD2       0
                text277                             6AA      6AA      156      D54       0
                maintext                            60E      60E       9C      C1C       0
                cstackBANK0                          20       20        8       20       1
                cstackCOMMON                         70       70        C       70       1
                cinit                               550      550        4      AA0       0
                strings                               3        3       14        6       0

TOTAL           Name                               Link     Load   Length     Space
        CLASS   CONST          

        CLASS   CODE           
                end_init                              0        0        3         0
                text286                             578      578       14         0
                text285                             554      554        9         0
                text284                             5A2      5A2       23         0
                text283                             5C5      5C5       24         0
                text282                             55D      55D        9         0
                text281                             566      566        9         0
                text280                             58C      58C       16         0
                text279                             56F      56F        9         0
                text278                             5E9      5E9       25         0
                text277                             6AA      6AA      156         0
                maintext                            60E      60E       9C         0
                cinit                               550      550        4         0

        CLASS   STRCODE        

        CLASS   ENTRY          

        CLASS   STRING         
                strings                               3        3       14         0

        CLASS   BANK0          
                cstackBANK0                          20       20        8         1

        CLASS   BANK1          

        CLASS   BANK2          

        CLASS   BANK3          

        CLASS   RAM            

        CLASS   ABS1           
                abs_s1                               7E       7E        2         1

        CLASS   COMMON         
                cstackCOMMON                         70       70        C         1

        CLASS   SFR0           

        CLASS   SFR1           

        CLASS   SFR2           

        CLASS   SFR3           

        CLASS   CONFIG         

        CLASS   IDLOC          

        CLASS   EEDATA         



SEGMENTS        Name                           Load    Length   Top    Selector   Space  Class     Delta

                reset_vec                      000000  000003  000003         0       0  CODE        2
                strings                        000003  000014  000017         6       0  STRING      2
                cstackBANK0                    000020  000008  000028        20       1  BANK0       1
                cstackCOMMON                   000070  00000C  00007C        70       1  COMMON      1
                cinit                          000550  000004  000554       AA0       0  CODE        2
                text285                        000554  000009  00055D       AA8       0  CODE        2
                text282                        00055D  000009  000566       ABA       0  CODE        2
                text281                        000566  000009  00056F       ACC       0  CODE        2
                text279                        00056F  000009  000578       ADE       0  CODE        2
                text286                        000578  000014  00058C       AF0       0  CODE        2
                text280                        00058C  000016  0005A2       B18       0  CODE        2
                text284                        0005A2  000023  0005C5       B44       0  CODE        2
                text283                        0005C5  000024  0005E9       B8A       0  CODE        2
                text278                        0005E9  000025  00060E       BD2       0  CODE        2
                maintext                       00060E  00009C  0006AA       C1C       0  CODE        2
                text277                        0006AA  000156  000800       D54       0  CODE        2


UNUSED ADDRESS RANGES

        Name                Unused          Largest block    Delta
        BANK0            0028-006F             48           1
        BANK1            00A0-00EF             50           1
        BANK2            0110-016F             60           1
        BANK3            0190-01EF             60           1
        CODE             0017-054F            539           2
                         0800-1FFF            800
        COMMON           007C-007D              2           1
        CONFIG           2007-2008              2           2
        CONST            0017-054F            100           2
                         0800-1FFF            100
        EEDATA           2100-21FF            100           2
        ENTRY            0017-054F            100           2
                         0800-1FFF            100
        IDLOC            2000-2003              4           2
        RAM              0028-006F             48           1
                         00A0-00EF             50
                         0110-016F             60
                         0190-01EF             60
        SFR0             0000-001F             20           1
        SFR1             0080-009F             20           1
        SFR2             0100-010F             10           1
        SFR3             0180-018F             10           1
        STRCODE          0017-054F            539           2
                         0800-1FFF           1800
        STRING           0017-054F            100           2
                         0800-1FFF            100

                                  Symbol Table

??_I2C_Read           cstackCOMMON 0072
??_I2C_Restart        cstackCOMMON 0070
??_I2C_Slave          cstackCOMMON 0070
??_I2C_Start          cstackCOMMON 0070
??_I2C_Stop           cstackCOMMON 0070
??_conversion         cstackCOMMON 0076
??_delay              cstackCOMMON 0072
??_hold               cstackCOMMON 0070
??_lcd_cmd            cstackCOMMON 0073
??_main               cstackCOMMON 0079
??_string             cstackCOMMON 0074
?_I2C_Read            cstackCOMMON 0070
?_I2C_Restart         cstackCOMMON 0070
?_I2C_Slave           cstackCOMMON 0070
?_I2C_Start           cstackCOMMON 0070
?_I2C_Stop            cstackCOMMON 0070
?_conversion          cstackCOMMON 0070
?_delay               cstackCOMMON 0070
?_hold                cstackCOMMON 0070
?_lcd_cmd             cstackCOMMON 0072
?_main                cstackCOMMON 0070
?_string              cstackCOMMON 0070
I2C_Read@i            cstackCOMMON 0070
I2C_Read@read         cstackCOMMON 0073
I2C_Slave@data        cstackCOMMON 0070
_ACKDT                (abs)        048D
_ACKEN                (abs)        048C
_ACKSTAT              (abs)        048E
_ANSEL                (abs)        0188
_ANSELH               (abs)        0189
_BF                   (abs)        04A0
_I2C_Read             text284      05A2
_I2C_Restart          text279      056F
_I2C_Slave            text280      058C
_I2C_Start            text282      055D
_I2C_Stop             text281      0566
_PEN                  (abs)        048A
_PORTC                (abs)        0007
_PORTD                (abs)        0008
_PORTE                (abs)        0009
_RC0                  (abs)        0038
_RCEN                 (abs)        048B
_RE0                  (abs)        0048
_RE1                  (abs)        0049
_RSEN                 (abs)        0489
_SEN                  (abs)        0488
_SMP                  (abs)        04A7
_SSPADD               (abs)        0093
_SSPBUF               (abs)        0013
_SSPCON               (abs)        0014
_SSPIF                (abs)        0063
_SSPOV                (abs)        00A6
_TRISC                (abs)        0087
_TRISD                (abs)        0088
_TRISE                (abs)        0089
__Habs1               abs1         0000
__Hbank0              bank0        0000
__Hbank1              bank1        0000
__Hbank2              bank2        0000
__Hbank3              bank3        0000
__Hcinit              cinit        0000
__Hclrtext            clrtext      0000
__Hcode               code         0000
__Hcommon             common       0000
__Hconfig             config       0000
__HcstackBANK0        cstackBANK0  0000
__HcstackCOMMON       cstackCOMMON 0000
__Heeprom_data        eeprom_data  0000
__Hend_init           end_init     0003
__Hfunctab            functab      0000
__Hidloc              idloc        0000
__Hinit               init         0000
__Hintentry           intentry     0000
__Hmaintext           maintext     0000
__Hpowerup            powerup      0000
__Hram                ram          0000
__Hreset_vec          reset_vec    0000
__Hsfr0               sfr0         0000
__Hsfr1               sfr1         0000
__Hsfr2               sfr2         0000
__Hsfr3               sfr3         0000
__Hstrings            strings      0000
__Htext               text         0000
__Labs1               abs1         0000
__Lbank0              bank0        0000
__Lbank1              bank1        0000
__Lbank2              bank2        0000
__Lbank3              bank3        0000
__Lcinit              cinit        0000
__Lclrtext            clrtext      0000
__Lcode               code         0000
__Lcommon             common       0000
__Lconfig             config       0000
__LcstackBANK0        cstackBANK0  0000
__LcstackCOMMON       cstackCOMMON 0000
__Leeprom_data        eeprom_data  0000
__Lend_init           end_init     0000
__Lfunctab            functab      0000
__Lidloc              idloc        0000
__Linit               init         0000
__Lintentry           intentry     0000
__Lmaintext           maintext     0000
__Lpowerup            powerup      0000
__Lram                ram          0000
__Lreset_vec          reset_vec    0000
__Lsfr0               sfr0         0000
__Lsfr1               sfr1         0000
__Lsfr2               sfr2         0000
__Lsfr3               sfr3         0000
__Lstrings            strings      0000
__Ltext               text         0000
__S0                  (abs)        0800
__S1                  (abs)        007C
__S2                  (abs)        0000
__end_of_I2C_Read     text284      05C5
__end_of_I2C_Restart  text279      0578
__end_of_I2C_Slave    text280      05A2
__end_of_I2C_Start    text282      0566
__end_of_I2C_Stop     text281      056F
__end_of_conversion   text277      0800
__end_of_delay        text286      058C
__end_of_hold         text285      055D
__end_of_lcd_cmd      text283      05E9
__end_of_main         maintext     06AA
__end_of_string       text278      060E
__pcstackBANK0        cstackBANK0  0020
__pcstackCOMMON       cstackCOMMON 0070
__pmaintext           maintext     060E
__pstrings            strings      0003
__ptext276            text276      0000
__ptext277            text277      06AA
__ptext278            text278      05E9
__ptext279            text279      056F
__ptext280            text280      058C
__ptext281            text281      0566
__ptext282            text282      055D
__ptext283            text283      05C5
__ptext284            text284      05A2
__ptext285            text285      0554
__ptext286            text286      0578
__ptext287            text287      0000
__size_of_I2C_Read    (abs)        0000
__size_of_I2C_Restart (abs)        0000
__size_of_I2C_Slave   (abs)        0000
__size_of_I2C_Start   (abs)        0000
__size_of_I2C_Stop    (abs)        0000
__size_of_conversion  (abs)        0000
__size_of_delay       (abs)        0000
__size_of_hold        (abs)        0000
__size_of_lcd_cmd     (abs)        0000
__size_of_main        (abs)        0000
__size_of_string      (abs)        0000
_conversion           text277      06AA
_delay                text286      0578
_exit                 init         0000
_hold                 text285      0554
_lcd_cmd              text283      05C5
_main                 maintext     060E
_string               text278      05E9
btemp                 (abs)        007E
conversion@disp       cstackCOMMON 0078
delay@ms              cstackCOMMON 0070
end_of_initialization cinit        0550
intlevel0             functab      0000
intlevel1             functab      0000
intlevel2             functab      0000
intlevel3             functab      0000
intlevel4             functab      0000
intlevel5             functab      0000
lcd_cmd@a             cstackCOMMON 0073
lcd_cmd@c             cstackCOMMON 0072
main@i                cstackBANK0  0027
main@read             cstackBANK0  0020
reset_vec             reset_vec    0000
start                 init         0000
start_initialization  cinit        0550
string@p              cstackCOMMON 0075
wtemp0                (abs)        007E
