HI-TECH Software C Compiler 

Linker command line:

--edf=C:\Program Files\HI-TECH Software\PICC\9.81\dat\en_msgs.txt -cs \
  -h+lcd_name.sym -z -Q16F887 -ol.obj -Mlcd_name.map -E1 \
  -ACONST=00h-0FFhx32 -ACODE=00h-07FFhx4 -ASTRCODE=00h-01FFFh \
  -AENTRY=00h-0FFhx32 -ASTRING=00h-0FFhx32 -ABANK0=020h-06Fh \
  -ABANK1=0A0h-0EFh -ABANK2=0110h-016Fh -ABANK3=0190h-01EFh \
  -ARAM=020h-06Fh,0A0h-0EFh,0110h-016Fh,0190h-01EFh \
  -AABS1=020h-07Fh,0A0h-0EFh,0110h-016Fh,0190h-01EFh -ACOMMON=070h-07Fh \
  -ASFR0=00h-01Fh -ASFR1=080h-09Fh -ASFR2=0100h-010Fh -ASFR3=0180h-018Fh \
  -preset_vec=00h,intentry,init,end_init -ppowerup=CODE -pfunctab=CODE \
  -ACONFIG=02007h-02008h -pconfig=CONFIG -DCONFIG=2 -AIDLOC=02000h-02003h \
  -pidloc=IDLOC -DIDLOC=2 -AEEDATA=00h-0FFh/02100h -peeprom_data=EEDATA \
  -DEEDATA=2 -DCODE=2 -DSTRCODE=2 -DSTRING=2 -DCONST=2 -DENTRY=2 -k \
  startup.obj lcd_name.obj 

Object code version is 3.10

Machine type is 16F887



                Name                               Link     Load   Length Selector   Space Scale
startup.obj     end_init                              0        0        3        0       0
lcd_name.obj    text98                              6AE      6AE       14      D5C       0
                text97                              709      709       2E      E12       0
                maintext                            737      737       C9      E6E       0
                cstackBANK0                          20       20       2C       20       1
                cstackCOMMON                         70       70        9       70       1
                inittext                            69D      69D       11      D3A       0
                dataBANK1                            A0       A0       14       A0       1
                dataBANK0                            4C       4C       14       20       1
                cinit                               6EA      6EA       1F      DD4       0
                idataBANK1                          6C2      6C2       14      D84       0
                idataBANK0                          6D6      6D6       14      DAC       0

TOTAL           Name                               Link     Load   Length     Space
        CLASS   CONST          

        CLASS   CODE           
                end_init                              0        0        3         0
                text98                              6AE      6AE       14         0
                text97                              709      709       2E         0
                maintext                            737      737       C9         0
                inittext                            69D      69D       11         0
                cinit                               6EA      6EA       1F         0
                idataBANK1                          6C2      6C2       14         0
                idataBANK0                          6D6      6D6       14         0

        CLASS   STRCODE        

        CLASS   ENTRY          

        CLASS   STRING         

        CLASS   BANK0          
                cstackBANK0                          20       20       2C         1
                dataBANK0                            4C       4C       14         1

        CLASS   BANK1          
                dataBANK1                            A0       A0       14         1

        CLASS   BANK2          

        CLASS   BANK3          

        CLASS   RAM            

        CLASS   ABS1           
                abs_s1                               7E       7E        2         1

        CLASS   COMMON         
                cstackCOMMON                         70       70        9         1

        CLASS   SFR0           

        CLASS   SFR1           

        CLASS   SFR2           

        CLASS   SFR3           

        CLASS   CONFIG         

        CLASS   IDLOC          

        CLASS   EEDATA         



SEGMENTS        Name                           Load    Length   Top    Selector   Space  Class     Delta

                reset_vec                      000000  000003  000003         0       0  CODE        2
                cstackBANK0                    000020  000040  000060        20       1  BANK0       1
                cstackCOMMON                   000070  000009  000079        70       1  COMMON      1
                dataBANK1                      0000A0  000014  0000B4        A0       1  BANK1       1
                inittext                       00069D  000011  0006AE       D3A       0  CODE        2
                text98                         0006AE  000014  0006C2       D5C       0  CODE        2
                idataBANK1                     0006C2  000014  0006D6       D84       0  CODE        2
                idataBANK0                     0006D6  000014  0006EA       DAC       0  CODE        2
                cinit                          0006EA  00001F  000709       DD4       0  CODE        2
                text97                         000709  00002E  000737       E12       0  CODE        2
                maintext                       000737  0000C9  000800       E6E       0  CODE        2


UNUSED ADDRESS RANGES

        Name                Unused          Largest block    Delta
        BANK0            0060-006F             10           1
        BANK1            00B4-00EF             3C           1
        BANK2            0110-016F             60           1
        BANK3            0190-01EF             60           1
        CODE             0003-069C            69A           2
                         0800-1FFF            800
        COMMON           0079-007D              5           1
        CONFIG           2007-2008              2           2
        CONST            0003-069C            100           2
                         0800-1FFF            100
        EEDATA           2100-21FF            100           2
        ENTRY            0003-069C            100           2
                         0800-1FFF            100
        IDLOC            2000-2003              4           2
        RAM              0060-006F             10           1
                         00B4-00EF             3C
                         0110-016F             60
                         0190-01EF             60
        SFR0             0000-001F             20           1
        SFR1             0080-009F             20           1
        SFR2             0100-010F             10           1
        SFR3             0180-018F             10           1
        STRCODE          0003-069C            69A           2
                         0800-1FFF           1800
        STRING           0003-069C            100           2
                         0800-1FFF            100

                                  Symbol Table

??_delay              cstackCOMMON 0072
??_lcd_cmd            cstackCOMMON 0074
??_main               cstackCOMMON 0075
?_delay               cstackCOMMON 0070
?_lcd_cmd             cstackCOMMON 0072
?_main                cstackCOMMON 0070
_ANSEL                (abs)        0188
_ANSELH               (abs)        0189
_PORTD                (abs)        0008
_PORTE                (abs)        0009
_RE0                  (abs)        0048
_RE1                  (abs)        0049
_RE2                  (abs)        004A
_TRISD                (abs)        0088
_TRISE                (abs)        0089
__Habs1               abs1         0000
__Hbank0              bank0        0000
__Hbank1              bank1        0000
__Hbank2              bank2        0000
__Hbank3              bank3        0000
__Hcinit              cinit        0000
__Hclrtext            clrtext      0000
__Hcode               code         0000
__Hcommon             common       0000
__Hconfig             config       0000
__HcstackBANK0        cstackBANK0  0000
__HcstackCOMMON       cstackCOMMON 0000
__HdataBANK0          dataBANK0    0000
__HdataBANK1          dataBANK1    0000
__Heeprom_data        eeprom_data  0000
__Hend_init           end_init     0003
__Hfunctab            functab      0000
__HidataBANK0         idataBANK0   0000
__HidataBANK1         idataBANK1   0000
__Hidloc              idloc        0000
__Hinit               init         0000
__Hinittext           inittext     0000
__Hintentry           intentry     0000
__Hmaintext           maintext     0000
__Hpowerup            powerup      0000
__Hram                ram          0000
__Hreset_vec          reset_vec    0000
__Hsfr0               sfr0         0000
__Hsfr1               sfr1         0000
__Hsfr2               sfr2         0000
__Hsfr3               sfr3         0000
__Hstrings            strings      0000
__Htext               text         0000
__Labs1               abs1         0000
__Lbank0              bank0        0000
__Lbank1              bank1        0000
__Lbank2              bank2        0000
__Lbank3              bank3        0000
__Lcinit              cinit        0000
__Lclrtext            clrtext      0000
__Lcode               code         0000
__Lcommon             common       0000
__Lconfig             config       0000
__LcstackBANK0        cstackBANK0  0000
__LcstackCOMMON       cstackCOMMON 0000
__LdataBANK0          dataBANK0    0000
__LdataBANK1          dataBANK1    0000
__Leeprom_data        eeprom_data  0000
__Lend_init           end_init     0000
__Lfunctab            functab      0000
__LidataBANK0         idataBANK0   0000
__LidataBANK1         idataBANK1   0000
__Lidloc              idloc        0000
__Linit               init         0000
__Linittext           inittext     0000
__Lintentry           intentry     0000
__Lmaintext           maintext     0000
__Lpowerup            powerup      0000
__Lram                ram          0000
__Lreset_vec          reset_vec    0000
__Lsfr0               sfr0         0000
__Lsfr1               sfr1         0000
__Lsfr2               sfr2         0000
__Lsfr3               sfr3         0000
__Lstrings            strings      0000
__Ltext               text         0000
__S0                  (abs)        0800
__S1                  (abs)        00B4
__S2                  (abs)        0000
__end_of_delay        text98       06C2
__end_of_lcd_cmd      text97       0737
__end_of_main         maintext     0800
__pcstackBANK0        cstackBANK0  0020
__pcstackCOMMON       cstackCOMMON 0070
__pdataBANK0          dataBANK0    004C
__pdataBANK1          dataBANK1    00A0
__pidataBANK0         idataBANK0   06D6
__pidataBANK1         idataBANK1   06C2
__pmaintext           maintext     0737
__ptext97             text97       0709
__ptext98             text98       06AE
__ptext99             text99       0000
__size_of_delay       (abs)        0000
__size_of_lcd_cmd     (abs)        0000
__size_of_main        (abs)        0000
_delay                text98       06AE
_exit                 init         0000
_lcd_cmd              text97       0709
_main                 maintext     0737
btemp                 (abs)        007E
delay@a               cstackCOMMON 0070
end_of_initialization cinit        0705
init_fetch            inittext     069D
init_ram              inittext     06A1
intlevel0             functab      0000
intlevel1             functab      0000
intlevel2             functab      0000
intlevel3             functab      0000
intlevel4             functab      0000
intlevel5             functab      0000
lcd_cmd@a             cstackCOMMON 0074
lcd_cmd@b             cstackCOMMON 0072
lcd_cmd@c             cstackCOMMON 0073
main@F1694            dataBANK0    004C
main@F1696            dataBANK1    00A0
main@a                cstackBANK0  0020
main@b                cstackBANK0  0034
main@i                cstackBANK0  0048
main@j                cstackBANK0  004A
reset_vec             reset_vec    0000
start                 init         0000
start_initialization  cinit        06EA
wtemp0                (abs)        007E
