HI-TECH Software C Compiler 

Linker command line:

--edf=C:\Program Files\HI-TECH Software\PICC\9.81\dat\en_msgs.txt -cs \
  -h+atm.sym -z -Q16F887 -ol.obj -Matm.map -E1 -ACONST=00h-0FFhx32 \
  -ACODE=00h-07FFhx4 -ASTRCODE=00h-01FFFh -AENTRY=00h-0FFhx32 \
  -ASTRING=00h-0FFhx32 -ABANK0=020h-06Fh -ABANK1=0A0h-0EFh \
  -ABANK2=0110h-016Fh -ABANK3=0190h-01EFh \
  -ARAM=020h-06Fh,0A0h-0EFh,0110h-016Fh,0190h-01EFh \
  -AABS1=020h-07Fh,0A0h-0EFh,0110h-016Fh,0190h-01EFh -ACOMMON=070h-07Fh \
  -ASFR0=00h-01Fh -ASFR1=080h-09Fh -ASFR2=0100h-010Fh -ASFR3=0180h-018Fh \
  -preset_vec=00h,intentry,init,end_init -ppowerup=CODE -pfunctab=CODE \
  -ACONFIG=02007h-02008h -pconfig=CONFIG -DCONFIG=2 -AIDLOC=02000h-02003h \
  -pidloc=IDLOC -DIDLOC=2 -AEEDATA=00h-0FFh/02100h -peeprom_data=EEDATA \
  -DEEDATA=2 -DCODE=2 -DSTRCODE=2 -DSTRING=2 -DCONST=2 -DENTRY=2 -k \
  startup.obj atm.obj 

Object code version is 3.10

Machine type is 16F887



                Name                               Link     Load   Length Selector   Space Scale
startup.obj     end_init                              0        0        3        0       0
atm.obj         text187                             63E      63E       14      C7C       0
                text186                             6A0      6A0       25      D40       0
                text185                             6F3      6F3       39      DE6       0
                text184                             6C5      6C5       2E      D8A       0
                text183                             668      668       17      CD0       0
                text182                             67F      67F       21      CFE       0
                text181                             78F      78F       71      F1E       0
                maintext                            72C      72C       63      E58       0
                cstackCOMMON                         70       70        B       70       1
                bssBANK0                             20       20        A       20       1
                dataCOMMON                           7D       7D        1       70       1
                bssCOMMON                            7B       7B        2       70       1
                cinit                               652      652       16      CA4       0
                strings                               3        3       38        6       0
                idataCOMMON                         63D      63D        1      C7A       0

TOTAL           Name                               Link     Load   Length     Space
        CLASS   CONST          

        CLASS   CODE           
                end_init                              0        0        3         0
                text187                             63E      63E       14         0
                text186                             6A0      6A0       25         0
                text185                             6F3      6F3       39         0
                text184                             6C5      6C5       2E         0
                text183                             668      668       17         0
                text182                             67F      67F       21         0
                text181                             78F      78F       71         0
                maintext                            72C      72C       63         0
                cinit                               652      652       16         0
                idataCOMMON                         63D      63D        1         0

        CLASS   STRCODE        

        CLASS   ENTRY          

        CLASS   STRING         
                strings                               3        3       38         0

        CLASS   BANK0          
                bssBANK0                             20       20        A         1

        CLASS   BANK1          

        CLASS   BANK2          

        CLASS   BANK3          

        CLASS   RAM            

        CLASS   ABS1           
                abs_s1                               7E       7E        2         1

        CLASS   COMMON         
                cstackCOMMON                         70       70        B         1
                dataCOMMON                           7D       7D        1         1
                bssCOMMON                            7B       7B        2         1

        CLASS   SFR0           

        CLASS   SFR1           

        CLASS   SFR2           

        CLASS   SFR3           

        CLASS   CONFIG         

        CLASS   IDLOC          

        CLASS   EEDATA         



SEGMENTS        Name                           Load    Length   Top    Selector   Space  Class     Delta

                reset_vec                      000000  000003  000003         0       0  CODE        2
                strings                        000003  000038  00003B         6       0  STRING      2
                bssBANK0                       000020  00000A  00002A        20       1  BANK0       1
                cstackCOMMON                   000070  00000E  00007E        70       1  COMMON      1
                idataCOMMON                    00063D  000001  00063E       C7A       0  CODE        2
                text187                        00063E  000014  000652       C7C       0  CODE        2
                cinit                          000652  000016  000668       CA4       0  CODE        2
                text183                        000668  000017  00067F       CD0       0  CODE        2
                text182                        00067F  000021  0006A0       CFE       0  CODE        2
                text186                        0006A0  000025  0006C5       D40       0  CODE        2
                text184                        0006C5  00002E  0006F3       D8A       0  CODE        2
                text185                        0006F3  000039  00072C       DE6       0  CODE        2
                maintext                       00072C  000063  00078F       E58       0  CODE        2
                text181                        00078F  000071  000800       F1E       0  CODE        2


UNUSED ADDRESS RANGES

        Name                Unused          Largest block    Delta
        BANK0            002A-006F             46           1
        BANK1            00A0-00EF             50           1
        BANK2            0110-016F             60           1
        BANK3            0190-01EF             60           1
        CODE             003B-063C            602           2
                         0800-1FFF            800
        CONFIG           2007-2008              2           2
        CONST            003B-063C            100           2
                         0800-1FFF            100
        EEDATA           2100-21FF            100           2
        ENTRY            003B-063C            100           2
                         0800-1FFF            100
        IDLOC            2000-2003              4           2
        RAM              002A-006F             46           1
                         00A0-00EF             50
                         0110-016F             60
                         0190-01EF             60
        SFR0             0000-001F             20           1
        SFR1             0080-009F             20           1
        SFR2             0100-010F             10           1
        SFR3             0180-018F             10           1
        STRCODE          003B-063C            602           2
                         0800-1FFF           1800
        STRING           003B-063C            100           2
                         0800-1FFF            100

                                  Symbol Table

??_RC                 cstackCOMMON 0079
??_TX                 cstackCOMMON 0077
??_TX1                cstackCOMMON 0075
??_delay              cstackCOMMON 0072
??_lcd_cmd            cstackCOMMON 0074
??_main               cstackCOMMON 007A
??_strcmp             cstackCOMMON 0073
??_strcpy             cstackCOMMON 0073
?_RC                  cstackCOMMON 0070
?_TX                  cstackCOMMON 0070
?_TX1                 cstackCOMMON 0070
?_delay               cstackCOMMON 0070
?_lcd_cmd             cstackCOMMON 0072
?_main                cstackCOMMON 0070
?_strcmp              cstackCOMMON 0070
?_strcpy              cstackCOMMON 0070
RC@str                cstackCOMMON 007A
TX1@data              cstackCOMMON 0076
TX@p                  cstackCOMMON 0078
_ANSEL                (abs)        0188
_ANSELH               (abs)        0189
_PORTC                (abs)        0007
_PORTD                (abs)        0008
_PORTE                (abs)        0009
_RC                   text181      078F
_RCIF                 (abs)        0065
_RCREG                (abs)        001A
_RCSTA                (abs)        0018
_RE0                  (abs)        0048
_RE1                  (abs)        0049
_RE2                  (abs)        004A
_SPBRG                (abs)        0099
_TRISC                (abs)        0087
_TRISD                (abs)        0088
_TRISE                (abs)        0089
_TX                   text182      067F
_TX1                  text183      0668
_TXIF                 (abs)        0064
_TXREG                (abs)        0019
_TXSTA                (abs)        0098
__Habs1               abs1         0000
__Hbank0              bank0        0000
__Hbank1              bank1        0000
__Hbank2              bank2        0000
__Hbank3              bank3        0000
__HbssBANK0           bssBANK0     0000
__HbssCOMMON          bssCOMMON    0000
__Hcinit              cinit        0000
__Hclrtext            clrtext      0000
__Hcode               code         0000
__Hcommon             common       0000
__Hconfig             config       0000
__HcstackCOMMON       cstackCOMMON 0000
__HdataCOMMON         dataCOMMON   0000
__Heeprom_data        eeprom_data  0000
__Hend_init           end_init     0003
__Hfunctab            functab      0000
__HidataCOMMON        idataCOMMON  0000
__Hidloc              idloc        0000
__Hinit               init         0000
__Hintentry           intentry     0000
__Hmaintext           maintext     0000
__Hpowerup            powerup      0000
__Hram                ram          0000
__Hreset_vec          reset_vec    0000
__Hsfr0               sfr0         0000
__Hsfr1               sfr1         0000
__Hsfr2               sfr2         0000
__Hsfr3               sfr3         0000
__Hstrings            strings      0000
__Htext               text         0000
__Labs1               abs1         0000
__Lbank0              bank0        0000
__Lbank1              bank1        0000
__Lbank2              bank2        0000
__Lbank3              bank3        0000
__LbssBANK0           bssBANK0     0000
__LbssCOMMON          bssCOMMON    0000
__Lcinit              cinit        0000
__Lclrtext            clrtext      0000
__Lcode               code         0000
__Lcommon             common       0000
__Lconfig             config       0000
__LcstackCOMMON       cstackCOMMON 0000
__LdataCOMMON         dataCOMMON   0000
__Leeprom_data        eeprom_data  0000
__Lend_init           end_init     0000
__Lfunctab            functab      0000
__LidataCOMMON        idataCOMMON  0000
__Lidloc              idloc        0000
__Linit               init         0000
__Lintentry           intentry     0000
__Lmaintext           maintext     0000
__Lpowerup            powerup      0000
__Lram                ram          0000
__Lreset_vec          reset_vec    0000
__Lsfr0               sfr0         0000
__Lsfr1               sfr1         0000
__Lsfr2               sfr2         0000
__Lsfr3               sfr3         0000
__Lstrings            strings      0000
__Ltext               text         0000
__S0                  (abs)        0800
__S1                  (abs)        007E
__S2                  (abs)        0000
__end_of_RC           text181      0800
__end_of_TX           text182      06A0
__end_of_TX1          text183      067F
__end_of_delay        text187      0652
__end_of_lcd_cmd      text184      06F3
__end_of_main         maintext     078F
__end_of_strcmp       text185      072C
__end_of_strcpy       text186      06C5
__pbssBANK0           bssBANK0     0020
__pbssCOMMON          bssCOMMON    007B
__pcstackCOMMON       cstackCOMMON 0070
__pdataCOMMON         dataCOMMON   007D
__pidataCOMMON        idataCOMMON  063D
__pmaintext           maintext     072C
__pstrings            strings      0003
__ptext181            text181      078F
__ptext182            text182      067F
__ptext183            text183      0668
__ptext184            text184      06C5
__ptext185            text185      06F3
__ptext186            text186      06A0
__ptext187            text187      063E
__ptext188            text188      0000
__size_of_RC          (abs)        0000
__size_of_TX          (abs)        0000
__size_of_TX1         (abs)        0000
__size_of_delay       (abs)        0000
__size_of_lcd_cmd     (abs)        0000
__size_of_main        (abs)        0000
__size_of_strcmp      (abs)        0000
__size_of_strcpy      (abs)        0000
_a                    dataCOMMON   007D
_delay                text187      063E
_exit                 init         0000
_i                    bssCOMMON    007B
_lcd_cmd              text184      06C5
_main                 maintext     072C
_rec                  bssBANK0     0020
_strcmp               text185      06F3
_strcpy               text186      06A0
btemp                 (abs)        007E
delay@ms              cstackCOMMON 0070
end_of_initialization cinit        0664
intlevel0             functab      0000
intlevel1             functab      0000
intlevel2             functab      0000
intlevel3             functab      0000
intlevel4             functab      0000
intlevel5             functab      0000
lcd_cmd@a             cstackCOMMON 0074
lcd_cmd@b             cstackCOMMON 0072
lcd_cmd@c             cstackCOMMON 0073
reset_vec             reset_vec    0000
start                 init         0000
start_initialization  cinit        0652
strcmp@r              cstackCOMMON 0075
strcmp@s1             cstackCOMMON 0070
strcmp@s2             cstackCOMMON 0072
strcpy@cp             cstackCOMMON 0076
strcpy@from           cstackCOMMON 0072
strcpy@to             cstackCOMMON 0070
wtemp0                (abs)        007E
