HI-TECH Software C Compiler 

Linker command line:

--edf=C:\Program Files\HI-TECH Software\PICC\9.81\dat\en_msgs.txt -cs \
  -h+slave.sym -z -Q16F887 -ol.obj -Mslave.map -E1 -ACONST=00h-0FFhx32 \
  -ACODE=00h-07FFhx4 -ASTRCODE=00h-01FFFh -AENTRY=00h-0FFhx32 \
  -ASTRING=00h-0FFhx32 -ABANK0=020h-06Fh -ABANK1=0A0h-0EFh \
  -ABANK2=0110h-016Fh -ABANK3=0190h-01EFh \
  -ARAM=020h-06Fh,0A0h-0EFh,0110h-016Fh,0190h-01EFh \
  -AABS1=020h-07Fh,0A0h-0EFh,0110h-016Fh,0190h-01EFh -ACOMMON=070h-07Fh \
  -ASFR0=00h-01Fh -ASFR1=080h-09Fh -ASFR2=0100h-010Fh -ASFR3=0180h-018Fh \
  -preset_vec=00h,intentry,init,end_init -ppowerup=CODE -pfunctab=CODE \
  -ACONFIG=02007h-02008h -pconfig=CONFIG -DCONFIG=2 -AIDLOC=02000h-02003h \
  -pidloc=IDLOC -DIDLOC=2 -AEEDATA=00h-0FFh/02100h -peeprom_data=EEDATA \
  -DEEDATA=2 -DCODE=2 -DSTRCODE=2 -DSTRING=2 -DCONST=2 -DENTRY=2 -k \
  startup.obj slave.obj 

Object code version is 3.10

Machine type is 16F887



                Name                               Link     Load   Length Selector   Space Scale
startup.obj     end_init                              0        0        3        0       0
slave.obj       text94                              72F      72F       14      E5E       0
                text93                              743      743       19      E86       0
                text92                              775      775       2F      EEA       0
                text91                              75C      75C       19      EB8       0
                maintext                            7A4      7A4       5C      F48       0
                cstackCOMMON                         70       70        9       70       1
                cinit                               72B      72B        4      E56       0

TOTAL           Name                               Link     Load   Length     Space
        CLASS   CONST          

        CLASS   CODE           
                end_init                              0        0        3         0
                text94                              72F      72F       14         0
                text93                              743      743       19         0
                text92                              775      775       2F         0
                text91                              75C      75C       19         0
                maintext                            7A4      7A4       5C         0
                cinit                               72B      72B        4         0

        CLASS   STRCODE        

        CLASS   ENTRY          

        CLASS   STRING         

        CLASS   BANK0          

        CLASS   BANK1          

        CLASS   BANK2          

        CLASS   BANK3          

        CLASS   RAM            

        CLASS   ABS1           
                abs_s1                               7E       7E        2         1

        CLASS   COMMON         
                cstackCOMMON                         70       70        9         1

        CLASS   SFR0           

        CLASS   SFR1           

        CLASS   SFR2           

        CLASS   SFR3           

        CLASS   CONFIG         

        CLASS   IDLOC          

        CLASS   EEDATA         



SEGMENTS        Name                           Load    Length   Top    Selector   Space  Class     Delta

                reset_vec                      000000  000003  000003         0       0  CODE        2
                cstackCOMMON                   000070  000009  000079        70       1  COMMON      1
                cinit                          00072B  000004  00072F       E56       0  CODE        2
                text94                         00072F  000014  000743       E5E       0  CODE        2
                text93                         000743  000019  00075C       E86       0  CODE        2
                text91                         00075C  000019  000775       EB8       0  CODE        2
                text92                         000775  00002F  0007A4       EEA       0  CODE        2
                maintext                       0007A4  00005C  000800       F48       0  CODE        2


UNUSED ADDRESS RANGES

        Name                Unused          Largest block    Delta
        BANK0            0020-006F             50           1
        BANK1            00A0-00EF             50           1
        BANK2            0110-016F             60           1
        BANK3            0190-01EF             60           1
        CODE             0003-072A            728           2
                         0800-1FFF            800
        COMMON           0079-007D              5           1
        CONFIG           2007-2008              2           2
        CONST            0003-072A            100           2
                         0800-1FFF            100
        EEDATA           2100-21FF            100           2
        ENTRY            0003-072A            100           2
                         0800-1FFF            100
        IDLOC            2000-2003              4           2
        RAM              0020-006F             50           1
                         00A0-00EF             50
                         0110-016F             60
                         0190-01EF             60
        SFR0             0000-001F             20           1
        SFR1             0080-009F             20           1
        SFR2             0100-010F             10           1
        SFR3             0180-018F             10           1
        STRCODE          0003-072A            728           2
                         0800-1FFF           1800
        STRING           0003-072A            100           2
                         0800-1FFF            100

                                  Symbol Table

??_delay              cstackCOMMON 0072
??_lcd_cmd            cstackCOMMON 0074
??_main               cstackCOMMON 0078
??_pulse              cstackCOMMON 0072
??_slave              cstackCOMMON 0076
?_delay               cstackCOMMON 0070
?_lcd_cmd             cstackCOMMON 0072
?_main                cstackCOMMON 0070
?_pulse               cstackCOMMON 0070
?_slave               cstackCOMMON 0070
_ANSEL                (abs)        0188
_ANSELH               (abs)        0189
_PORTA                (abs)        0005
_PORTB                (abs)        0006
_PORTC                (abs)        0007
_PORTE                (abs)        0009
_RE0                  (abs)        0048
_RE1                  (abs)        0049
_RE2                  (abs)        004A
_SSPBUF               (abs)        0013
_SSPCON               (abs)        0014
_SSPIF                (abs)        0063
_SSPSTAT              (abs)        0094
_TRISA                (abs)        0085
_TRISB                (abs)        0086
_TRISC                (abs)        0087
_TRISE                (abs)        0089
__Habs1               abs1         0000
__Hbank0              bank0        0000
__Hbank1              bank1        0000
__Hbank2              bank2        0000
__Hbank3              bank3        0000
__Hcinit              cinit        0000
__Hclrtext            clrtext      0000
__Hcode               code         0000
__Hcommon             common       0000
__Hconfig             config       0000
__HcstackCOMMON       cstackCOMMON 0000
__Heeprom_data        eeprom_data  0000
__Hend_init           end_init     0003
__Hfunctab            functab      0000
__Hidloc              idloc        0000
__Hinit               init         0000
__Hintentry           intentry     0000
__Hmaintext           maintext     0000
__Hpowerup            powerup      0000
__Hram                ram          0000
__Hreset_vec          reset_vec    0000
__Hsfr0               sfr0         0000
__Hsfr1               sfr1         0000
__Hsfr2               sfr2         0000
__Hsfr3               sfr3         0000
__Hstrings            strings      0000
__Htext               text         0000
__Labs1               abs1         0000
__Lbank0              bank0        0000
__Lbank1              bank1        0000
__Lbank2              bank2        0000
__Lbank3              bank3        0000
__Lcinit              cinit        0000
__Lclrtext            clrtext      0000
__Lcode               code         0000
__Lcommon             common       0000
__Lconfig             config       0000
__LcstackCOMMON       cstackCOMMON 0000
__Leeprom_data        eeprom_data  0000
__Lend_init           end_init     0000
__Lfunctab            functab      0000
__Lidloc              idloc        0000
__Linit               init         0000
__Lintentry           intentry     0000
__Lmaintext           maintext     0000
__Lpowerup            powerup      0000
__Lram                ram          0000
__Lreset_vec          reset_vec    0000
__Lsfr0               sfr0         0000
__Lsfr1               sfr1         0000
__Lsfr2               sfr2         0000
__Lsfr3               sfr3         0000
__Lstrings            strings      0000
__Ltext               text         0000
__S0                  (abs)        0800
__S1                  (abs)        0079
__S2                  (abs)        0000
__end_of_delay        text94       0743
__end_of_lcd_cmd      text92       07A4
__end_of_main         maintext     0800
__end_of_pulse        text93       075C
__end_of_slave        text91       0775
__pcstackCOMMON       cstackCOMMON 0070
__pmaintext           maintext     07A4
__ptext90             text90       0000
__ptext91             text91       075C
__ptext92             text92       0775
__ptext93             text93       0743
__ptext94             text94       072F
__ptext95             text95       0000
__size_of_delay       (abs)        0000
__size_of_lcd_cmd     (abs)        0000
__size_of_main        (abs)        0000
__size_of_pulse       (abs)        0000
__size_of_slave       (abs)        0000
_delay                text94       072F
_exit                 init         0000
_lcd_cmd              text92       0775
_main                 maintext     07A4
_pulse                text93       0743
_slave                text91       075C
btemp                 (abs)        007E
delay@ms              cstackCOMMON 0070
end_of_initialization cinit        072B
intlevel0             functab      0000
intlevel1             functab      0000
intlevel2             functab      0000
intlevel3             functab      0000
intlevel4             functab      0000
intlevel5             functab      0000
lcd_cmd@a             cstackCOMMON 0075
lcd_cmd@b             cstackCOMMON 0072
lcd_cmd@c             cstackCOMMON 0073
reset_vec             reset_vec    0000
slave@data            cstackCOMMON 0077
start                 init         0000
start_initialization  cinit        072B
wtemp0                (abs)        007E
