HI-TECH Software C Compiler 

Linker command line:

--edf=C:\Program Files\HI-TECH Software\PICC\9.81\dat\en_msgs.txt -cs \
  -h+ADC_motor.sym -z -Q16F887 -ol.obj -MADC_motor.map -E1 \
  -ACONST=00h-0FFhx32 -ACODE=00h-07FFhx4 -ASTRCODE=00h-01FFFh \
  -AENTRY=00h-0FFhx32 -ASTRING=00h-0FFhx32 -ABANK0=020h-06Fh \
  -ABANK1=0A0h-0EFh -ABANK2=0110h-016Fh -ABANK3=0190h-01EFh \
  -ARAM=020h-06Fh,0A0h-0EFh,0110h-016Fh,0190h-01EFh \
  -AABS1=020h-07Fh,0A0h-0EFh,0110h-016Fh,0190h-01EFh -ACOMMON=070h-07Fh \
  -ASFR0=00h-01Fh -ASFR1=080h-09Fh -ASFR2=0100h-010Fh -ASFR3=0180h-018Fh \
  -preset_vec=00h,intentry,init,end_init -ppowerup=CODE -pfunctab=CODE \
  -ACONFIG=02007h-02008h -pconfig=CONFIG -DCONFIG=2 -AIDLOC=02000h-02003h \
  -pidloc=IDLOC -DIDLOC=2 -AEEDATA=00h-0FFh/02100h -peeprom_data=EEDATA \
  -DEEDATA=2 -DCODE=2 -DSTRCODE=2 -DSTRING=2 -DCONST=2 -DENTRY=2 -k \
  startup.obj ADC_motor.obj 

Object code version is 3.10

Machine type is 16F887



                Name                               Link     Load   Length Selector   Space Scale
startup.obj     end_init                              0        0        3        0       0
ADC_motor.obj   text147                             509      509       14      A12       0
                text146                             5B1      5B1       74      B62       0
                text145                             54B      54B       66      A96       0
                text144                             51D      51D       2E      A3A       0
                text143                             6FD      6FD      103      DFA       0
                maintext                            625      625       D8      C4A       0
                cstackBANK0                          3A       3A        2       20       1
                cstackCOMMON                         70       70        E       70       1
                clrtext                             4F4      4F4        8      9E8       0
                bssBANK0                             20       20       1A       20       1
                cinit                               4FC      4FC        D      9F8       0

TOTAL           Name                               Link     Load   Length     Space
        CLASS   CONST          

        CLASS   CODE           
                end_init                              0        0        3         0
                text147                             509      509       14         0
                text146                             5B1      5B1       74         0
                text145                             54B      54B       66         0
                text144                             51D      51D       2E         0
                text143                             6FD      6FD      103         0
                maintext                            625      625       D8         0
                clrtext                             4F4      4F4        8         0
                cinit                               4FC      4FC        D         0

        CLASS   STRCODE        

        CLASS   ENTRY          

        CLASS   STRING         

        CLASS   BANK0          
                cstackBANK0                          3A       3A        2         1
                bssBANK0                             20       20       1A         1

        CLASS   BANK1          

        CLASS   BANK2          

        CLASS   BANK3          

        CLASS   RAM            

        CLASS   ABS1           
                abs_s1                               7E       7E        2         1

        CLASS   COMMON         
                cstackCOMMON                         70       70        E         1

        CLASS   SFR0           

        CLASS   SFR1           

        CLASS   SFR2           

        CLASS   SFR3           

        CLASS   CONFIG         

        CLASS   IDLOC          

        CLASS   EEDATA         



SEGMENTS        Name                           Load    Length   Top    Selector   Space  Class     Delta

                reset_vec                      000000  000003  000003         0       0  CODE        2
                bssBANK0                       000020  00001C  00003C        20       1  BANK0       1
                cstackCOMMON                   000070  00000E  00007E        70       1  COMMON      1
                clrtext                        0004F4  000008  0004FC       9E8       0  CODE        2
                cinit                          0004FC  00000D  000509       9F8       0  CODE        2
                text147                        000509  000014  00051D       A12       0  CODE        2
                text144                        00051D  00002E  00054B       A3A       0  CODE        2
                text145                        00054B  000066  0005B1       A96       0  CODE        2
                text146                        0005B1  000074  000625       B62       0  CODE        2
                maintext                       000625  0000D8  0006FD       C4A       0  CODE        2
                text143                        0006FD  000103  000800       DFA       0  CODE        2


UNUSED ADDRESS RANGES

        Name                Unused          Largest block    Delta
        BANK0            003C-006F             34           1
        BANK1            00A0-00EF             50           1
        BANK2            0110-016F             60           1
        BANK3            0190-01EF             60           1
        CODE             0003-04F3            4F1           2
                         0800-1FFF            800
        CONFIG           2007-2008              2           2
        CONST            0003-04F3            100           2
                         0800-1FFF            100
        EEDATA           2100-21FF            100           2
        ENTRY            0003-04F3            100           2
                         0800-1FFF            100
        IDLOC            2000-2003              4           2
        RAM              003C-006F             34           1
                         00A0-00EF             50
                         0110-016F             60
                         0190-01EF             60
        SFR0             0000-001F             20           1
        SFR1             0080-009F             20           1
        SFR2             0100-010F             10           1
        SFR3             0180-018F             10           1
        STRCODE          0003-04F3            4F1           2
                         0800-1FFF           1800
        STRING           0003-04F3            100           2
                         0800-1FFF            100

                                  Symbol Table

??___awdiv            cstackCOMMON 0074
??___awmod            cstackCOMMON 0074
??_adc                cstackBANK0  003A
??_delay              cstackCOMMON 0072
??_lcd_cmd            cstackCOMMON 0074
??_main               cstackCOMMON 007D
?___awdiv             cstackCOMMON 0070
?___awmod             cstackCOMMON 0070
?_adc                 cstackCOMMON 0079
?_delay               cstackCOMMON 0070
?_lcd_cmd             cstackCOMMON 0072
?_main                cstackCOMMON 0070
_ADCON0               (abs)        001F
_ADCON1               (abs)        009F
_ADRESH               (abs)        001E
_ADRESL               (abs)        009E
_ANSEL                (abs)        0188
_ANSELH               (abs)        0189
_DV                   bssBANK0     0020
_DV1                  bssBANK0     0022
_DV2                  bssBANK0     0024
_DV3                  bssBANK0     0026
_DV4                  bssBANK0     0028
_GO                   (abs)        00F9
_H                    bssBANK0     002A
_L                    bssBANK0     002C
_PORTA                (abs)        0005
_PORTB                (abs)        0006
_PORTC                (abs)        0007
_PORTD                (abs)        0008
_PORTE                (abs)        0009
_RE0                  (abs)        0048
_RE1                  (abs)        0049
_RE2                  (abs)        004A
_TRISA                (abs)        0085
_TRISB                (abs)        0086
_TRISC                (abs)        0087
_TRISD                (abs)        0088
_TRISE                (abs)        0089
__Habs1               abs1         0000
__Hbank0              bank0        0000
__Hbank1              bank1        0000
__Hbank2              bank2        0000
__Hbank3              bank3        0000
__HbssBANK0           bssBANK0     0000
__Hcinit              cinit        0000
__Hclrtext            clrtext      0000
__Hcode               code         0000
__Hcommon             common       0000
__Hconfig             config       0000
__HcstackBANK0        cstackBANK0  0000
__HcstackCOMMON       cstackCOMMON 0000
__Heeprom_data        eeprom_data  0000
__Hend_init           end_init     0003
__Hfunctab            functab      0000
__Hidloc              idloc        0000
__Hinit               init         0000
__Hintentry           intentry     0000
__Hmaintext           maintext     0000
__Hpowerup            powerup      0000
__Hram                ram          0000
__Hreset_vec          reset_vec    0000
__Hsfr0               sfr0         0000
__Hsfr1               sfr1         0000
__Hsfr2               sfr2         0000
__Hsfr3               sfr3         0000
__Hstrings            strings      0000
__Htext               text         0000
__Labs1               abs1         0000
__Lbank0              bank0        0000
__Lbank1              bank1        0000
__Lbank2              bank2        0000
__Lbank3              bank3        0000
__LbssBANK0           bssBANK0     0000
__Lcinit              cinit        0000
__Lclrtext            clrtext      0000
__Lcode               code         0000
__Lcommon             common       0000
__Lconfig             config       0000
__LcstackBANK0        cstackBANK0  0000
__LcstackCOMMON       cstackCOMMON 0000
__Leeprom_data        eeprom_data  0000
__Lend_init           end_init     0000
__Lfunctab            functab      0000
__Lidloc              idloc        0000
__Linit               init         0000
__Lintentry           intentry     0000
__Lmaintext           maintext     0000
__Lpowerup            powerup      0000
__Lram                ram          0000
__Lreset_vec          reset_vec    0000
__Lsfr0               sfr0         0000
__Lsfr1               sfr1         0000
__Lsfr2               sfr2         0000
__Lsfr3               sfr3         0000
__Lstrings            strings      0000
__Ltext               text         0000
__S0                  (abs)        0800
__S1                  (abs)        007E
__S2                  (abs)        0000
___awdiv              text146      05B1
___awdiv@counter      cstackCOMMON 0075
___awdiv@dividend     cstackCOMMON 0072
___awdiv@divisor      cstackCOMMON 0070
___awdiv@quotient     cstackCOMMON 0077
___awdiv@sign         cstackCOMMON 0076
___awmod              text145      054B
___awmod@counter      cstackCOMMON 0075
___awmod@dividend     cstackCOMMON 0072
___awmod@divisor      cstackCOMMON 0070
___awmod@sign         cstackCOMMON 0076
__end_of___awdiv      text146      0625
__end_of___awmod      text145      05B1
__end_of_adc          text143      0800
__end_of_delay        text147      051D
__end_of_lcd_cmd      text144      054B
__end_of_main         maintext     06FD
__pbssBANK0           bssBANK0     0020
__pcstackBANK0        cstackBANK0  003A
__pcstackCOMMON       cstackCOMMON 0070
__pmaintext           maintext     0625
__ptext142            text142      0000
__ptext143            text143      06FD
__ptext144            text144      051D
__ptext145            text145      054B
__ptext146            text146      05B1
__ptext147            text147      0509
__ptext148            text148      0000
__size_of___awdiv     (abs)        0000
__size_of___awmod     (abs)        0000
__size_of_adc         (abs)        0000
__size_of_delay       (abs)        0000
__size_of_lcd_cmd     (abs)        0000
__size_of_main        (abs)        0000
_adc                  text143      06FD
_delay                text147      0509
_exit                 init         0000
_lcd_cmd              text144      051D
_m                    bssBANK0     002E
_main                 maintext     0625
_n                    bssBANK0     0030
_o                    bssBANK0     0032
_p                    bssBANK0     0034
_q                    bssBANK0     0036
_r                    bssBANK0     0038
adc@i                 cstackCOMMON 0079
adc@j                 cstackCOMMON 007B
btemp                 (abs)        007E
clear_ram             clrtext      04F4
delay@ms              cstackCOMMON 0070
end_of_initialization cinit        0505
intlevel0             functab      0000
intlevel1             functab      0000
intlevel2             functab      0000
intlevel3             functab      0000
intlevel4             functab      0000
intlevel5             functab      0000
lcd_cmd@a             cstackCOMMON 0074
lcd_cmd@b             cstackCOMMON 0072
lcd_cmd@c             cstackCOMMON 0073
reset_vec             reset_vec    0000
start                 init         0000
start_initialization  cinit        04FC
wtemp0                (abs)        007E
